2026-02-18 03:09:11 | [32mINFO    [0m | [90mnfa_pipeline.pipeline    [0m | ============================================================
2026-02-18 03:09:11 | [32mINFO    [0m | [90mnfa_pipeline.pipeline    [0m | NFA Pipeline v1.0.0 — initialised
2026-02-18 03:09:11 | [32mINFO    [0m | [90mnfa_pipeline.pipeline    [0m | Years: 2000–2023
2026-02-18 03:09:11 | [32mINFO    [0m | [90mnfa_pipeline.pipeline    [0m | ============================================================
2026-02-18 03:09:11 | [32mINFO    [0m | [90mnfa_pipeline.pipeline    [0m | Run a04fcc25-7456-4c4d-a25f-3f02f9630c5b started — 24 years requested
2026-02-18 03:09:11 | [33mWARNING [0m | [90mnfa_pipeline.extractors.serper_extractor[0m | [Serper] No API key set — Serper enrichment disabled. Set NFA_SERPER_API_KEY env var to enable.
2026-02-18 03:09:11 | [33mWARNING [0m | [90mnfa_pipeline.extractors.omdb_extractor[0m | [OMDb] No API key set — OMDb enrichment disabled. Set NFA_OMDB_API_KEY env var to enable.
2026-02-18 03:09:11 | [32mINFO    [0m | [90mnfa_pipeline.extractors.multi_source_extractor[0m | [MultiSource] Sources configured:
2026-02-18 03:09:11 | [32mINFO    [0m | [90mnfa_pipeline.extractors.multi_source_extractor[0m |   ✓ Wikipedia API    (primary, always on)
2026-02-18 03:09:11 | [32mINFO    [0m | [90mnfa_pipeline.extractors.multi_source_extractor[0m |   ✓ Wikipedia HTML   (fallback, always on)
2026-02-18 03:09:11 | [32mINFO    [0m | [90mnfa_pipeline.extractors.multi_source_extractor[0m |   ✗ DISABLED Serper API      (gap-fill, key=missing → set NFA_SERPER_API_KEY)
2026-02-18 03:09:11 | [32mINFO    [0m | [90mnfa_pipeline.extractors.multi_source_extractor[0m |   ✗ DISABLED OMDb API        (enrichment, key=missing → set NFA_OMDB_API_KEY)
2026-02-18 03:09:11 | [32mINFO    [0m | [90mnfa_pipeline.extractors.multi_source_extractor[0m |   ✓ IMDb scraper     (fallback enrichment, always on)
2026-02-18 03:09:11 | [32mINFO    [0m | [90mnfa_pipeline.extractors.multi_source_extractor[0m | ━━━━━━━━━━━━━━━━━━━━━━━━━━━━━━━━━━━━━━━━━━━━━━━━━━━━━━━━━━━━
2026-02-18 03:09:11 | [32mINFO    [0m | [90mnfa_pipeline.extractors.multi_source_extractor[0m | Processing film_year=2000
2026-02-18 03:09:11 | [32mINFO    [0m | [90mnfa_pipeline.extractors.multi_source_extractor[0m | [Step 1a] Wikipedia REST API
2026-02-18 03:09:11 | [32mINFO    [0m | [90mnfa_pipeline.extractors.wikipedia_api_extractor[0m | [WikipediaAPI] film_year=2000 → 48th NFA
2026-02-18 03:09:13 | [32mINFO    [0m | [90mnfa_pipeline.utils.http_client[0m | GET https://en.wikipedia.org/api/rest_v1/page/html/48th_National_Film_Awards
2026-02-18 03:09:15 | [32mINFO    [0m | [90mnfa_pipeline.extractors.wikipedia_api_extractor[0m | [WikipediaAPI] film_year=2000: 107 records
2026-02-18 03:09:15 | [32mINFO    [0m | [90mnfa_pipeline.extractors.multi_source_extractor[0m | film_year=2000: 107 NFA records extracted (source=wikipedia_api)
2026-02-18 03:09:15 | [32mINFO    [0m | [90mnfa_pipeline.extractors.multi_source_extractor[0m | [Step 4] IMDb fallback: 107/107 records still missing IMDb data (100%)
2026-02-18 03:09:15 | [32mINFO    [0m | [90mnfa_pipeline.extractors.imdb_extractor[0m | [IMDb] Enriching 107 records missing IMDb data
2026-02-18 03:09:17 | [32mINFO    [0m | [90mnfa_pipeline.utils.http_client[0m | GET https://www.imdb.com/find/?q=Awarded+for+2000&s=tt&ttype=ft&ref_=fn_ft
2026-02-18 03:09:20 | [32mINFO    [0m | [90mnfa_pipeline.utils.http_client[0m | GET https://www.imdb.com/find/?q=Awarded+by+2000&s=tt&ttype=ft&ref_=fn_ft
2026-02-18 03:09:22 | [32mINFO    [0m | [90mnfa_pipeline.utils.http_client[0m | GET https://www.imdb.com/find/?q=Presented+by+2000&s=tt&ttype=ft&ref_=fn_ft
2026-02-18 03:09:26 | [32mINFO    [0m | [90mnfa_pipeline.utils.http_client[0m | GET https://www.imdb.com/find/?q=Announced+on+2000&s=tt&ttype=ft&ref_=fn_ft
2026-02-18 03:09:30 | [32mINFO    [0m | [90mnfa_pipeline.utils.http_client[0m | GET https://www.imdb.com/find/?q=Presented+on+2000&s=tt&ttype=ft&ref_=fn_ft
2026-02-18 03:09:33 | [32mINFO    [0m | [90mnfa_pipeline.utils.http_client[0m | GET https://www.imdb.com/find/?q=Site+2000&s=tt&ttype=ft&ref_=fn_ft
2026-02-18 03:09:37 | [32mINFO    [0m | [90mnfa_pipeline.utils.http_client[0m | GET https://www.imdb.com/find/?q=Official+website+2000&s=tt&ttype=ft&ref_=fn_ft
2026-02-18 03:09:41 | [32mINFO    [0m | [90mnfa_pipeline.utils.http_client[0m | GET https://www.imdb.com/find/?q=Best+Feature+Film+2000&s=tt&ttype=ft&ref_=fn_ft
2026-02-18 03:09:45 | [32mINFO    [0m | [90mnfa_pipeline.utils.http_client[0m | GET https://www.imdb.com/find/?q=Best+Non-Feature+Film+2000&s=tt&ttype=ft&ref_=fn_ft
2026-02-18 03:09:47 | [32mINFO    [0m | [90mnfa_pipeline.utils.http_client[0m | GET https://www.imdb.com/find/?q=Best+Book+2000&s=tt&ttype=ft&ref_=fn_ft
2026-02-18 03:09:50 | [32mINFO    [0m | [90mnfa_pipeline.utils.http_client[0m | GET https://www.imdb.com/find/?q=Best+Film+Critic+2000&s=tt&ttype=ft&ref_=fn_ft
2026-02-18 03:09:53 | [32mINFO    [0m | [90mnfa_pipeline.utils.http_client[0m | GET https://www.imdb.com/find/?q=Dadasaheb+Phalke+Award+2000&s=tt&ttype=ft&ref_=fn_ft
2026-02-18 03:09:55 | [32mINFO    [0m | [90mnfa_pipeline.utils.http_client[0m | GET https://www.imdb.com/find/?q=Most+awards+2000&s=tt&ttype=ft&ref_=fn_ft
2026-02-18 03:09:59 | [32mINFO    [0m | [90mnfa_pipeline.utils.http_client[0m | GET https://www.imdb.com/find/?q=Unknown+2000&s=tt&ttype=ft&ref_=fn_ft
2026-02-18 03:10:03 | [32mINFO    [0m | [90mnfa_pipeline.utils.http_client[0m | GET https://www.imdb.com/find/?q=Shantham+2000&s=tt&ttype=ft&ref_=fn_ft
2026-02-18 03:10:05 | [32mINFO    [0m | [90mnfa_pipeline.utils.http_client[0m | GET https://www.imdb.com/find/?q=Sayahnam+2000&s=tt&ttype=ft&ref_=fn_ft
2026-02-18 03:10:08 | [32mINFO    [0m | [90mnfa_pipeline.utils.http_client[0m | GET https://www.imdb.com/find/?q=Vaanathaippola+2000&s=tt&ttype=ft&ref_=fn_ft
2026-02-18 03:10:10 | [32mINFO    [0m | [90mnfa_pipeline.utils.http_client[0m | GET https://www.imdb.com/find/?q=Gharaksharangal+2000&s=tt&ttype=ft&ref_=fn_ft
2026-02-18 03:10:15 | [32mINFO    [0m | [90mnfa_pipeline.pipeline    [0m | ============================================================
2026-02-18 03:10:15 | [32mINFO    [0m | [90mnfa_pipeline.pipeline    [0m | NFA Pipeline v1.0.0 — initialised
2026-02-18 03:10:15 | [32mINFO    [0m | [90mnfa_pipeline.pipeline    [0m | Years: 2000–2023
2026-02-18 03:10:15 | [32mINFO    [0m | [90mnfa_pipeline.pipeline    [0m | ============================================================
2026-02-18 03:10:15 | [32mINFO    [0m | [90mnfa_pipeline.pipeline    [0m | Run 9c73a90a-c0dd-4116-965e-a89b69e2dd5b started — 24 years requested
2026-02-18 03:10:15 | [33mWARNING [0m | [90mnfa_pipeline.extractors.serper_extractor[0m | [Serper] No API key set — Serper enrichment disabled. Set NFA_SERPER_API_KEY env var to enable.
2026-02-18 03:10:15 | [33mWARNING [0m | [90mnfa_pipeline.extractors.omdb_extractor[0m | [OMDb] No API key set — OMDb enrichment disabled. Set NFA_OMDB_API_KEY env var to enable.
2026-02-18 03:10:15 | [32mINFO    [0m | [90mnfa_pipeline.extractors.multi_source_extractor[0m | [MultiSource] Sources configured:
2026-02-18 03:10:15 | [32mINFO    [0m | [90mnfa_pipeline.extractors.multi_source_extractor[0m |   ✓ Wikipedia API    (primary, always on)
2026-02-18 03:10:15 | [32mINFO    [0m | [90mnfa_pipeline.extractors.multi_source_extractor[0m |   ✓ Wikipedia HTML   (fallback, always on)
2026-02-18 03:10:15 | [32mINFO    [0m | [90mnfa_pipeline.extractors.multi_source_extractor[0m |   ✗ DISABLED Serper API      (gap-fill, key=missing → set NFA_SERPER_API_KEY)
2026-02-18 03:10:15 | [32mINFO    [0m | [90mnfa_pipeline.extractors.multi_source_extractor[0m |   ✗ DISABLED OMDb API        (enrichment, key=missing → set NFA_OMDB_API_KEY)
2026-02-18 03:10:15 | [32mINFO    [0m | [90mnfa_pipeline.extractors.multi_source_extractor[0m |   ✓ IMDb scraper     (fallback enrichment, always on)
2026-02-18 03:10:15 | [32mINFO    [0m | [90mnfa_pipeline.extractors.multi_source_extractor[0m | ━━━━━━━━━━━━━━━━━━━━━━━━━━━━━━━━━━━━━━━━━━━━━━━━━━━━━━━━━━━━
2026-02-18 03:10:15 | [32mINFO    [0m | [90mnfa_pipeline.extractors.multi_source_extractor[0m | Processing film_year=2000
2026-02-18 03:10:15 | [32mINFO    [0m | [90mnfa_pipeline.extractors.multi_source_extractor[0m | [Step 1a] Wikipedia REST API
2026-02-18 03:10:15 | [32mINFO    [0m | [90mnfa_pipeline.extractors.wikipedia_api_extractor[0m | [WikipediaAPI] film_year=2000 → 48th NFA
2026-02-18 03:10:15 | [32mINFO    [0m | [90mnfa_pipeline.extractors.wikipedia_api_extractor[0m | [WikipediaAPI] film_year=2000: 107 records
2026-02-18 03:10:15 | [32mINFO    [0m | [90mnfa_pipeline.extractors.multi_source_extractor[0m | film_year=2000: 107 NFA records extracted (source=wikipedia_api)
2026-02-18 03:10:15 | [32mINFO    [0m | [90mnfa_pipeline.extractors.multi_source_extractor[0m | [Step 4] IMDb fallback: 107/107 records still missing IMDb data (100%)
2026-02-18 03:10:15 | [32mINFO    [0m | [90mnfa_pipeline.extractors.imdb_extractor[0m | [IMDb] Enriching 107 records missing IMDb data
2026-02-18 03:10:37 | [32mINFO    [0m | [90mnfa_pipeline.utils.http_client[0m | GET https://www.imdb.com/find/?q=Utsab+2000&s=tt&ttype=ft&ref_=fn_ft
2026-02-18 03:10:41 | [32mINFO    [0m | [90mnfa_pipeline.utils.http_client[0m | GET https://www.imdb.com/find/?q=Pukar+2000&s=tt&ttype=ft&ref_=fn_ft
2026-02-18 03:10:43 | [32mINFO    [0m | [90mnfa_pipeline.utils.http_client[0m | GET https://www.imdb.com/find/?q=Kal+Kaa+Aadmi+2000&s=tt&ttype=ft&ref_=fn_ft
2026-02-18 03:10:45 | [32mINFO    [0m | [90mnfa_pipeline.utils.http_client[0m | GET https://www.imdb.com/find/?q=Vetri+Kodi+Kattu+2000&s=tt&ttype=ft&ref_=fn_ft
2026-02-18 03:10:48 | [32mINFO    [0m | [90mnfa_pipeline.utils.http_client[0m | GET https://www.imdb.com/find/?q=Kannada+2000&s=tt&ttype=ft&ref_=fn_ft
2026-02-18 03:10:51 | [32mINFO    [0m | [90mnfa_pipeline.utils.http_client[0m | GET https://www.imdb.com/find/?q=Oru+Cheru+Punchiri+2000&s=tt&ttype=ft&ref_=fn_ft
2026-02-18 03:10:54 | [32mINFO    [0m | [90mnfa_pipeline.utils.http_client[0m | GET https://www.imdb.com/find/?q=Daman%3A+A+Victim+of+Marital+Violence+2000&s=tt&ttype=ft&ref_=fn_ft
2026-02-18 03:10:58 | [32mINFO    [0m | [90mnfa_pipeline.utils.http_client[0m | GET https://www.imdb.com/find/?q=Munnudi+2000&s=tt&ttype=ft&ref_=fn_ft
2026-02-18 03:11:02 | [32mINFO    [0m | [90mnfa_pipeline.utils.http_client[0m | GET https://www.imdb.com/find/?q=Nila+Kaalam+2000&s=tt&ttype=ft&ref_=fn_ft
2026-02-18 03:11:04 | [32mINFO    [0m | [90mnfa_pipeline.utils.http_client[0m | GET https://www.imdb.com/find/?q=Kandukondain+Kandukondain+%28%22Enna+Solla+Pogirai%22%29+2000&s=tt&ttype=ft&ref_=fn_ft
2026-02-18 03:11:06 | [32mINFO    [0m | [90mnfa_pipeline.utils.http_client[0m | GET https://www.imdb.com/find/?q=Bharathi+%28%22Mayil+Pola+Ponnu+Onnu%22%29+2000&s=tt&ttype=ft&ref_=fn_ft
2026-02-18 03:11:09 | [32mINFO    [0m | [90mnfa_pipeline.utils.http_client[0m | GET https://www.imdb.com/find/?q=Moksha+2000&s=tt&ttype=ft&ref_=fn_ft
2026-02-18 03:11:12 | [32mINFO    [0m | [90mnfa_pipeline.utils.http_client[0m | GET https://www.imdb.com/find/?q=Kadal+Pookkal+2000&s=tt&ttype=ft&ref_=fn_ft
2026-02-18 03:11:16 | [32mINFO    [0m | [90mnfa_pipeline.utils.http_client[0m | GET https://www.imdb.com/find/?q=Snip%21+2000&s=tt&ttype=ft&ref_=fn_ft
2026-02-18 03:11:20 | [32mINFO    [0m | [90mnfa_pipeline.utils.http_client[0m | GET https://www.imdb.com/find/?q=Bharathi+2000&s=tt&ttype=ft&ref_=fn_ft
2026-02-18 03:11:24 | [32mINFO    [0m | [90mnfa_pipeline.utils.http_client[0m | GET https://www.imdb.com/find/?q=Refugee+2000&s=tt&ttype=ft&ref_=fn_ft
2026-02-18 03:11:26 | [32mINFO    [0m | [90mnfa_pipeline.utils.http_client[0m | GET https://www.imdb.com/find/?q=Mazha+%28%22Gayam+Hari+Nama+Dhayam%22%29+2000&s=tt&ttype=ft&ref_=fn_ft
2026-02-18 03:11:28 | [32mINFO    [0m | [90mnfa_pipeline.utils.http_client[0m | GET https://www.imdb.com/find/?q=Hindi+2000&s=tt&ttype=ft&ref_=fn_ft
2026-02-18 03:11:32 | [32mINFO    [0m | [90mnfa_pipeline.utils.http_client[0m | GET https://www.imdb.com/find/?q=Kochu+Kochu+Santhoshangal+2000&s=tt&ttype=ft&ref_=fn_ft
2026-02-18 03:11:35 | [32mINFO    [0m | [90mnfa_pipeline.utils.http_client[0m | GET https://www.imdb.com/find/?q=Dekha+2000&s=tt&ttype=ft&ref_=fn_ft
2026-02-18 03:11:38 | [32mINFO    [0m | [90mnfa_pipeline.utils.http_client[0m | GET https://www.imdb.com/find/?q=Zubeidaa+2000&s=tt&ttype=ft&ref_=fn_ft
2026-02-18 03:11:41 | [32mINFO    [0m | [90mnfa_pipeline.utils.http_client[0m | GET https://www.imdb.com/find/?q=Mathadana+2000&s=tt&ttype=ft&ref_=fn_ft
2026-02-18 03:11:45 | [32mINFO    [0m | [90mnfa_pipeline.utils.http_client[0m | GET https://www.imdb.com/find/?q=Shayanam+2000&s=tt&ttype=ft&ref_=fn_ft
2026-02-18 03:11:47 | [32mINFO    [0m | [90mnfa_pipeline.utils.http_client[0m | GET https://www.imdb.com/find/?q=Producer%3A+Grihalakshmi+Films+Director%3A+Sathyan+Anthikad+2000&s=tt&ttype=ft&ref_=fn_ft
2026-02-18 03:11:50 | [32mINFO    [0m | [90mnfa_pipeline.utils.http_client[0m | GET https://www.imdb.com/find/?q=Chatledo+Eidee+2000&s=tt&ttype=ft&ref_=fn_ft
2026-02-18 03:11:54 | [32mINFO    [0m | [90mnfa_pipeline.utils.http_client[0m | GET https://www.imdb.com/find/?q=Astitva+2000&s=tt&ttype=ft&ref_=fn_ft
2026-02-18 03:11:59 | [32mINFO    [0m | [90mnfa_pipeline.utils.http_client[0m | GET https://www.imdb.com/find/?q=Nuvve+Kavali+2000&s=tt&ttype=ft&ref_=fn_ft
2026-02-18 03:12:03 | [32mINFO    [0m | [90mnfa_pipeline.utils.http_client[0m | GET https://www.imdb.com/find/?q=Pandavas+2000&s=tt&ttype=ft&ref_=fn_ft
2026-02-18 03:12:05 | [32mINFO    [0m | [90mnfa_pipeline.utils.http_client[0m | GET https://www.imdb.com/find/?q=Rasikpriya+2000&s=tt&ttype=ft&ref_=fn_ft
2026-02-18 03:12:09 | [32mINFO    [0m | [90mnfa_pipeline.utils.http_client[0m | GET https://www.imdb.com/find/?q=Meena+Jha+2000&s=tt&ttype=ft&ref_=fn_ft
2026-02-18 03:12:12 | [32mINFO    [0m | [90mnfa_pipeline.utils.http_client[0m | GET https://www.imdb.com/find/?q=Scribbles+on+Akka+2000&s=tt&ttype=ft&ref_=fn_ft
2026-02-18 03:12:16 | [32mINFO    [0m | [90mnfa_pipeline.utils.http_client[0m | GET https://www.imdb.com/find/?q=Devanarthakan+%28The+Divine+Dancer%29+2000&s=tt&ttype=ft&ref_=fn_ft
2026-02-18 03:12:20 | [32mINFO    [0m | [90mnfa_pipeline.utils.http_client[0m | GET https://www.imdb.com/find/?q=Tribal+Women+Artists+2000&s=tt&ttype=ft&ref_=fn_ft
2026-02-18 03:12:23 | [32mINFO    [0m | [90mnfa_pipeline.utils.http_client[0m | GET https://www.imdb.com/find/?q=Vedic+Mathematics+2000&s=tt&ttype=ft&ref_=fn_ft
2026-02-18 03:12:26 | [32mINFO    [0m | [90mnfa_pipeline.utils.http_client[0m | GET https://www.imdb.com/find/?q=The+Nest+2000&s=tt&ttype=ft&ref_=fn_ft
2026-02-18 03:12:28 | [32mINFO    [0m | [90mnfa_pipeline.utils.http_client[0m | GET https://www.imdb.com/find/?q=Pashmina+Royale+2000&s=tt&ttype=ft&ref_=fn_ft
2026-02-18 03:12:30 | [32mINFO    [0m | [90mnfa_pipeline.utils.http_client[0m | GET https://www.imdb.com/find/?q=News+Magazine+No%3A424-Vermi+Culture+2000&s=tt&ttype=ft&ref_=fn_ft
2026-02-18 03:12:34 | [32mINFO    [0m | [90mnfa_pipeline.utils.http_client[0m | GET https://www.imdb.com/find/?q=From+the+land+of+Buddhism+to+the+Land+of+Buddha+2000&s=tt&ttype=ft&ref_=fn_ft
2026-02-18 03:12:37 | [32mINFO    [0m | [90mnfa_pipeline.utils.http_client[0m | GET https://www.imdb.com/find/?q=Infiltrators+2000&s=tt&ttype=ft&ref_=fn_ft
2026-02-18 03:12:40 | [32mINFO    [0m | [90mnfa_pipeline.utils.http_client[0m | GET https://www.imdb.com/find/?q=Tulasi+2000&s=tt&ttype=ft&ref_=fn_ft
2026-02-18 03:12:43 | [32mINFO    [0m | [90mnfa_pipeline.utils.http_client[0m | GET https://www.imdb.com/find/?q=Wearing+the+face+2000&s=tt&ttype=ft&ref_=fn_ft
2026-02-18 03:12:45 | [32mINFO    [0m | [90mnfa_pipeline.utils.http_client[0m | GET https://www.imdb.com/find/?q=The+Landscape+2000&s=tt&ttype=ft&ref_=fn_ft
2026-02-18 03:12:47 | [32mINFO    [0m | [90mnfa_pipeline.utils.http_client[0m | GET https://www.imdb.com/find/?q=Bhor+2000&s=tt&ttype=ft&ref_=fn_ft
2026-02-18 03:12:50 | [32mINFO    [0m | [90mnfa_pipeline.utils.http_client[0m | GET https://www.imdb.com/find/?q=Akkareninnu+2000&s=tt&ttype=ft&ref_=fn_ft
2026-02-18 03:12:53 | [32mINFO    [0m | [90mnfa_pipeline.utils.http_client[0m | GET https://www.imdb.com/find/?q=Bengali+2000&s=tt&ttype=ft&ref_=fn_ft
2026-02-18 03:13:11 | [32mINFO    [0m | [90mnfa_pipeline.pipeline    [0m | ============================================================
2026-02-18 03:13:11 | [32mINFO    [0m | [90mnfa_pipeline.pipeline    [0m | NFA Pipeline v1.0.0 — initialised
2026-02-18 03:13:11 | [32mINFO    [0m | [90mnfa_pipeline.pipeline    [0m | Years: 2000–2023
2026-02-18 03:13:11 | [32mINFO    [0m | [90mnfa_pipeline.pipeline    [0m | ============================================================
2026-02-18 03:13:11 | [32mINFO    [0m | [90mnfa_pipeline.pipeline    [0m | Run 3409e3a8-baf7-43f7-9424-5fbdb7707872 started — 1 years requested
2026-02-18 03:13:11 | [33mWARNING [0m | [90mnfa_pipeline.extractors.serper_extractor[0m | [Serper] No API key set — Serper enrichment disabled. Set NFA_SERPER_API_KEY env var to enable.
2026-02-18 03:13:11 | [33mWARNING [0m | [90mnfa_pipeline.extractors.omdb_extractor[0m | [OMDb] No API key set — OMDb enrichment disabled. Set NFA_OMDB_API_KEY env var to enable.
2026-02-18 03:13:11 | [32mINFO    [0m | [90mnfa_pipeline.extractors.multi_source_extractor[0m | [MultiSource] Sources configured:
2026-02-18 03:13:11 | [32mINFO    [0m | [90mnfa_pipeline.extractors.multi_source_extractor[0m |   ✓ Wikipedia API    (primary, always on)
2026-02-18 03:13:11 | [32mINFO    [0m | [90mnfa_pipeline.extractors.multi_source_extractor[0m |   ✓ Wikipedia HTML   (fallback, always on)
2026-02-18 03:13:11 | [32mINFO    [0m | [90mnfa_pipeline.extractors.multi_source_extractor[0m |   ✗ DISABLED Serper API      (gap-fill, key=missing → set NFA_SERPER_API_KEY)
2026-02-18 03:13:11 | [32mINFO    [0m | [90mnfa_pipeline.extractors.multi_source_extractor[0m |   ✗ DISABLED OMDb API        (enrichment, key=missing → set NFA_OMDB_API_KEY)
2026-02-18 03:13:11 | [32mINFO    [0m | [90mnfa_pipeline.extractors.multi_source_extractor[0m |   ✓ IMDb scraper     (fallback enrichment, always on)
2026-02-18 03:13:11 | [32mINFO    [0m | [90mnfa_pipeline.extractors.multi_source_extractor[0m | ━━━━━━━━━━━━━━━━━━━━━━━━━━━━━━━━━━━━━━━━━━━━━━━━━━━━━━━━━━━━
2026-02-18 03:13:11 | [32mINFO    [0m | [90mnfa_pipeline.extractors.multi_source_extractor[0m | Processing film_year=2020
2026-02-18 03:13:11 | [32mINFO    [0m | [90mnfa_pipeline.extractors.multi_source_extractor[0m | [Step 1a] Wikipedia REST API
2026-02-18 03:13:11 | [32mINFO    [0m | [90mnfa_pipeline.extractors.wikipedia_api_extractor[0m | [WikipediaAPI] film_year=2020 → 68th NFA
2026-02-18 03:13:12 | [32mINFO    [0m | [90mnfa_pipeline.utils.http_client[0m | GET https://en.wikipedia.org/api/rest_v1/page/html/68th_National_Film_Awards
2026-02-18 03:13:13 | [32mINFO    [0m | [90mnfa_pipeline.extractors.wikipedia_api_extractor[0m | [WikipediaAPI] film_year=2020: 113 records
2026-02-18 03:13:13 | [32mINFO    [0m | [90mnfa_pipeline.extractors.multi_source_extractor[0m | film_year=2020: 113 NFA records extracted (source=wikipedia_api)
2026-02-18 03:13:13 | [32mINFO    [0m | [90mnfa_pipeline.extractors.multi_source_extractor[0m | [Step 4] IMDb fallback: 113/113 records still missing IMDb data (100%)
2026-02-18 03:13:13 | [32mINFO    [0m | [90mnfa_pipeline.extractors.imdb_extractor[0m | [IMDb] Enriching 113 records missing IMDb data
2026-02-18 03:13:16 | [32mINFO    [0m | [90mnfa_pipeline.utils.http_client[0m | GET https://www.imdb.com/find/?q=Awarded+for+2020&s=tt&ttype=ft&ref_=fn_ft
2026-02-18 03:13:19 | [32mINFO    [0m | [90mnfa_pipeline.utils.http_client[0m | GET https://www.imdb.com/find/?q=Awarded+by+2020&s=tt&ttype=ft&ref_=fn_ft
2026-02-18 03:13:22 | [32mINFO    [0m | [90mnfa_pipeline.utils.http_client[0m | GET https://www.imdb.com/find/?q=Presented+by+2020&s=tt&ttype=ft&ref_=fn_ft
2026-02-18 03:13:24 | [32mINFO    [0m | [90mnfa_pipeline.utils.http_client[0m | GET https://www.imdb.com/find/?q=Announced+on+2020&s=tt&ttype=ft&ref_=fn_ft
2026-02-18 03:13:28 | [32mINFO    [0m | [90mnfa_pipeline.utils.http_client[0m | GET https://www.imdb.com/find/?q=Presented+on+2020&s=tt&ttype=ft&ref_=fn_ft
2026-02-18 03:13:31 | [32mINFO    [0m | [90mnfa_pipeline.utils.http_client[0m | GET https://www.imdb.com/find/?q=Official+website+2020&s=tt&ttype=ft&ref_=fn_ft
2026-02-18 03:13:34 | [32mINFO    [0m | [90mnfa_pipeline.utils.http_client[0m | GET https://www.imdb.com/find/?q=Best+Feature+Film+2020&s=tt&ttype=ft&ref_=fn_ft
2026-02-18 03:13:36 | [32mINFO    [0m | [90mnfa_pipeline.utils.http_client[0m | GET https://www.imdb.com/find/?q=Best+Non-Feature+Film+2020&s=tt&ttype=ft&ref_=fn_ft
2026-02-18 03:13:39 | [32mINFO    [0m | [90mnfa_pipeline.utils.http_client[0m | GET https://www.imdb.com/find/?q=Best+Book+2020&s=tt&ttype=ft&ref_=fn_ft
2026-02-18 03:13:42 | [32mINFO    [0m | [90mnfa_pipeline.utils.http_client[0m | GET https://www.imdb.com/find/?q=Dadasaheb+Phalke+Award+2020&s=tt&ttype=ft&ref_=fn_ft
2026-02-18 03:13:45 | [32mINFO    [0m | [90mnfa_pipeline.utils.http_client[0m | GET https://www.imdb.com/find/?q=Most+awards+2020&s=tt&ttype=ft&ref_=fn_ft
2026-02-18 03:13:48 | [32mINFO    [0m | [90mnfa_pipeline.utils.http_client[0m | GET https://www.imdb.com/find/?q=Unknown+2020&s=tt&ttype=ft&ref_=fn_ft
2026-02-18 03:13:51 | [32mINFO    [0m | [90mnfa_pipeline.utils.http_client[0m | GET https://www.imdb.com/find/?q=Soorarai+Pottru+2020&s=tt&ttype=ft&ref_=fn_ft
2026-02-18 03:13:55 | [32mINFO    [0m | [90mnfa_pipeline.utils.http_client[0m | GET https://www.imdb.com/find/?q=Ayyappanum+Koshiyum+2020&s=tt&ttype=ft&ref_=fn_ft
2026-02-18 03:13:59 | [32mINFO    [0m | [90mnfa_pipeline.pipeline    [0m | ============================================================
2026-02-18 03:13:59 | [32mINFO    [0m | [90mnfa_pipeline.pipeline    [0m | NFA Pipeline v1.0.0 — initialised
2026-02-18 03:13:59 | [32mINFO    [0m | [90mnfa_pipeline.pipeline    [0m | Years: 2000–2023
2026-02-18 03:13:59 | [32mINFO    [0m | [90mnfa_pipeline.pipeline    [0m | ============================================================
2026-02-18 03:13:59 | [32mINFO    [0m | [90mnfa_pipeline.pipeline    [0m | Run 2da174b5-c8a2-4e3f-94ee-59f74ea58d88 started — 1 years requested
2026-02-18 03:13:59 | [33mWARNING [0m | [90mnfa_pipeline.extractors.serper_extractor[0m | [Serper] No API key set — Serper enrichment disabled. Set NFA_SERPER_API_KEY env var to enable.
2026-02-18 03:13:59 | [33mWARNING [0m | [90mnfa_pipeline.extractors.omdb_extractor[0m | [OMDb] No API key set — OMDb enrichment disabled. Set NFA_OMDB_API_KEY env var to enable.
2026-02-18 03:13:59 | [32mINFO    [0m | [90mnfa_pipeline.extractors.multi_source_extractor[0m | [MultiSource] Sources configured:
2026-02-18 03:13:59 | [32mINFO    [0m | [90mnfa_pipeline.extractors.multi_source_extractor[0m |   ✓ Wikipedia API    (primary, always on)
2026-02-18 03:13:59 | [32mINFO    [0m | [90mnfa_pipeline.extractors.multi_source_extractor[0m |   ✓ Wikipedia HTML   (fallback, always on)
2026-02-18 03:13:59 | [32mINFO    [0m | [90mnfa_pipeline.extractors.multi_source_extractor[0m |   ✗ DISABLED Serper API      (gap-fill, key=missing → set NFA_SERPER_API_KEY)
2026-02-18 03:13:59 | [32mINFO    [0m | [90mnfa_pipeline.extractors.multi_source_extractor[0m |   ✗ DISABLED OMDb API        (enrichment, key=missing → set NFA_OMDB_API_KEY)
2026-02-18 03:13:59 | [32mINFO    [0m | [90mnfa_pipeline.extractors.multi_source_extractor[0m |   ✓ IMDb scraper     (fallback enrichment, always on)
2026-02-18 03:13:59 | [32mINFO    [0m | [90mnfa_pipeline.extractors.multi_source_extractor[0m | ━━━━━━━━━━━━━━━━━━━━━━━━━━━━━━━━━━━━━━━━━━━━━━━━━━━━━━━━━━━━
2026-02-18 03:13:59 | [32mINFO    [0m | [90mnfa_pipeline.extractors.multi_source_extractor[0m | Processing film_year=2020
2026-02-18 03:13:59 | [32mINFO    [0m | [90mnfa_pipeline.extractors.multi_source_extractor[0m | [Step 1a] Wikipedia REST API
2026-02-18 03:13:59 | [32mINFO    [0m | [90mnfa_pipeline.extractors.wikipedia_api_extractor[0m | [WikipediaAPI] film_year=2020 → 68th NFA
2026-02-18 03:13:59 | [32mINFO    [0m | [90mnfa_pipeline.extractors.wikipedia_api_extractor[0m | [WikipediaAPI] film_year=2020: 113 records
2026-02-18 03:13:59 | [32mINFO    [0m | [90mnfa_pipeline.extractors.multi_source_extractor[0m | film_year=2020: 113 NFA records extracted (source=wikipedia_api)
2026-02-18 03:13:59 | [32mINFO    [0m | [90mnfa_pipeline.extractors.multi_source_extractor[0m | [Step 4] IMDb fallback: 113/113 records still missing IMDb data (100%)
2026-02-18 03:13:59 | [32mINFO    [0m | [90mnfa_pipeline.extractors.imdb_extractor[0m | [IMDb] Enriching 113 records missing IMDb data
2026-02-18 03:14:18 | [32mINFO    [0m | [90mnfa_pipeline.utils.http_client[0m | GET https://www.imdb.com/find/?q=Tanhaji%3A+The+Unsung+Warrior+2020&s=tt&ttype=ft&ref_=fn_ft
2026-02-18 03:14:21 | [32mINFO    [0m | [90mnfa_pipeline.utils.http_client[0m | GET https://www.imdb.com/find/?q=Sumi+2020&s=tt&ttype=ft&ref_=fn_ft
2026-02-18 03:14:24 | [32mINFO    [0m | [90mnfa_pipeline.utils.http_client[0m | GET https://www.imdb.com/find/?q=Mandela+2020&s=tt&ttype=ft&ref_=fn_ft
2026-02-18 03:14:27 | [32mINFO    [0m | [90mnfa_pipeline.utils.http_client[0m | GET https://www.imdb.com/find/?q=Taledanda+2020&s=tt&ttype=ft&ref_=fn_ft
2026-02-18 03:14:29 | [32mINFO    [0m | [90mnfa_pipeline.utils.http_client[0m | GET https://www.imdb.com/find/?q=Funral+2020&s=tt&ttype=ft&ref_=fn_ft
2026-02-18 03:14:33 | [32mINFO    [0m | [90mnfa_pipeline.utils.http_client[0m | GET https://www.imdb.com/find/?q=Hindi+2020&s=tt&ttype=ft&ref_=fn_ft
2026-02-18 03:14:37 | [32mINFO    [0m | [90mnfa_pipeline.utils.http_client[0m | GET https://www.imdb.com/find/?q=Sivaranjiniyum+Innum+Sila+Pengalum+2020&s=tt&ttype=ft&ref_=fn_ft
2026-02-18 03:14:40 | [32mINFO    [0m | [90mnfa_pipeline.utils.http_client[0m | GET https://www.imdb.com/find/?q=Tak-Tak+2020&s=tt&ttype=ft&ref_=fn_ft
2026-02-18 03:14:44 | [32mINFO    [0m | [90mnfa_pipeline.utils.http_client[0m | GET https://www.imdb.com/find/?q=Akanksha+Pingle+2020&s=tt&ttype=ft&ref_=fn_ft
2026-02-18 03:14:48 | [32mINFO    [0m | [90mnfa_pipeline.utils.http_client[0m | GET https://www.imdb.com/find/?q=Me+Vasantrao+2020&s=tt&ttype=ft&ref_=fn_ft
2026-02-18 03:14:51 | [32mINFO    [0m | [90mnfa_pipeline.utils.http_client[0m | GET https://www.imdb.com/find/?q=Avijatrik+2020&s=tt&ttype=ft&ref_=fn_ft
2026-02-18 03:14:57 | [32mINFO    [0m | [90mnfa_pipeline.utils.http_client[0m | GET https://www.imdb.com/find/?q=Dollu+2020&s=tt&ttype=ft&ref_=fn_ft
2026-02-18 03:15:00 | [32mINFO    [0m | [90mnfa_pipeline.utils.http_client[0m | GET https://www.imdb.com/find/?q=Malik+2020&s=tt&ttype=ft&ref_=fn_ft
2026-02-18 03:15:03 | [32mINFO    [0m | [90mnfa_pipeline.utils.http_client[0m | GET https://www.imdb.com/find/?q=Ala+Vaikunthapurramuloo+2020&s=tt&ttype=ft&ref_=fn_ft
2026-02-18 03:15:06 | [32mINFO    [0m | [90mnfa_pipeline.utils.http_client[0m | GET https://www.imdb.com/find/?q=Saina+2020&s=tt&ttype=ft&ref_=fn_ft
2026-02-18 03:15:11 | [32mINFO    [0m | [90mnfa_pipeline.utils.http_client[0m | GET https://www.imdb.com/find/?q=Kappela+2020&s=tt&ttype=ft&ref_=fn_ft
2026-02-18 03:15:15 | [32mINFO    [0m | [90mnfa_pipeline.utils.http_client[0m | GET https://www.imdb.com/find/?q=Natyam+2020&s=tt&ttype=ft&ref_=fn_ft
2026-02-18 03:15:20 | [32mINFO    [0m | [90mnfa_pipeline.utils.http_client[0m | GET https://www.imdb.com/find/?q=Semkhor+2020&s=tt&ttype=ft&ref_=fn_ft
2026-02-18 03:15:24 | [32mINFO    [0m | [90mnfa_pipeline.utils.http_client[0m | GET https://www.imdb.com/find/?q=Malayalam+2020&s=tt&ttype=ft&ref_=fn_ft
2026-02-18 03:15:28 | [32mINFO    [0m | [90mnfa_pipeline.utils.http_client[0m | GET https://www.imdb.com/find/?q=Marathi+2020&s=tt&ttype=ft&ref_=fn_ft
2026-02-18 03:15:32 | [32mINFO    [0m | [90mnfa_pipeline.utils.http_client[0m | GET https://www.imdb.com/find/?q=Director+2020&s=tt&ttype=ft&ref_=fn_ft
2026-02-18 03:15:36 | [32mINFO    [0m | [90mnfa_pipeline.utils.http_client[0m | GET https://www.imdb.com/find/?q=Bridge+2020&s=tt&ttype=ft&ref_=fn_ft
2026-02-18 03:15:39 | [32mINFO    [0m | [90mnfa_pipeline.utils.http_client[0m | GET https://www.imdb.com/find/?q=Toolsidas+Junior+2020&s=tt&ttype=ft&ref_=fn_ft
2026-02-18 03:15:42 | [32mINFO    [0m | [90mnfa_pipeline.utils.http_client[0m | GET https://www.imdb.com/find/?q=Thinkalazhcha+Nishchayam+2020&s=tt&ttype=ft&ref_=fn_ft
2026-02-18 03:15:45 | [32mINFO    [0m | [90mnfa_pipeline.utils.http_client[0m | GET https://www.imdb.com/find/?q=Goshta+Eka+Paithanichi+2020&s=tt&ttype=ft&ref_=fn_ft
2026-02-18 03:15:49 | [32mINFO    [0m | [90mnfa_pipeline.utils.http_client[0m | GET https://www.imdb.com/find/?q=Colour+Photo+2020&s=tt&ttype=ft&ref_=fn_ft
2026-02-18 03:15:53 | [32mINFO    [0m | [90mnfa_pipeline.utils.http_client[0m | GET https://www.imdb.com/find/?q=Dada+Lakhmi+2020&s=tt&ttype=ft&ref_=fn_ft
2026-02-18 03:15:57 | [32mINFO    [0m | [90mnfa_pipeline.utils.http_client[0m | GET https://www.imdb.com/find/?q=Jeetige+2020&s=tt&ttype=ft&ref_=fn_ft
2026-02-18 03:16:01 | [32mINFO    [0m | [90mnfa_pipeline.utils.http_client[0m | GET https://www.imdb.com/find/?q=Testimony+of+Ana+2020&s=tt&ttype=ft&ref_=fn_ft
2026-02-18 03:16:05 | [32mINFO    [0m | [90mnfa_pipeline.utils.http_client[0m | GET https://www.imdb.com/find/?q=Oh+That%E2%80%99s+Bhanu+2020&s=tt&ttype=ft&ref_=fn_ft
2026-02-18 03:16:07 | [32mINFO    [0m | [90mnfa_pipeline.utils.http_client[0m | GET https://www.imdb.com/find/?q=Pariah+2020&s=tt&ttype=ft&ref_=fn_ft
2026-02-18 03:16:11 | [32mINFO    [0m | [90mnfa_pipeline.utils.http_client[0m | GET https://www.imdb.com/find/?q=Pabung+Syam+2020&s=tt&ttype=ft&ref_=fn_ft
2026-02-18 03:16:13 | [32mINFO    [0m | [90mnfa_pipeline.utils.http_client[0m | GET https://www.imdb.com/find/?q=Naadada+Navaneeta+Dr+PT+Venkateshkumar+2020&s=tt&ttype=ft&ref_=fn_ft
2026-02-18 03:16:17 | [32mINFO    [0m | [90mnfa_pipeline.utils.http_client[0m | GET https://www.imdb.com/find/?q=Manah+Aru+Manuh+%28Manas+and+People%29+2020&s=tt&ttype=ft&ref_=fn_ft
2026-02-18 03:16:20 | [32mINFO    [0m | [90mnfa_pipeline.utils.http_client[0m | GET https://www.imdb.com/find/?q=Surmounting+Challenges+2020&s=tt&ttype=ft&ref_=fn_ft
2026-02-18 03:16:23 | [32mINFO    [0m | [90mnfa_pipeline.utils.http_client[0m | GET https://www.imdb.com/find/?q=Three+Sisters+2020&s=tt&ttype=ft&ref_=fn_ft
2026-02-18 03:16:27 | [32mINFO    [0m | [90mnfa_pipeline.utils.http_client[0m | GET https://www.imdb.com/find/?q=Dreaming+of+Words+2020&s=tt&ttype=ft&ref_=fn_ft
2026-02-18 03:16:29 | [32mINFO    [0m | [90mnfa_pipeline.utils.http_client[0m | GET https://www.imdb.com/find/?q=Mandal+ke+Bol+%28Rhythm+of+Mandal%29+2020&s=tt&ttype=ft&ref_=fn_ft
2026-02-18 03:16:33 | [32mINFO    [0m | [90mnfa_pipeline.utils.http_client[0m | GET https://www.imdb.com/find/?q=Wheeling+the+Ball+2020&s=tt&ttype=ft&ref_=fn_ft
2026-02-18 03:16:35 | [32mINFO    [0m | [90mnfa_pipeline.utils.http_client[0m | GET https://www.imdb.com/find/?q=The+Saviour%3ABrig.+Pritam+Singh+2020&s=tt&ttype=ft&ref_=fn_ft
2026-02-18 03:16:40 | [32mINFO    [0m | [90mnfa_pipeline.utils.http_client[0m | GET https://www.imdb.com/find/?q=Kachichinithu+%28The+Boy+with+a+Gun%29+2020&s=tt&ttype=ft&ref_=fn_ft
2026-02-18 03:16:43 | [32mINFO    [0m | [90mnfa_pipeline.utils.http_client[0m | GET https://www.imdb.com/find/?q=Kumkumarchan+%28Worship+of+the+Goddess%29+2020&s=tt&ttype=ft&ref_=fn_ft
2026-02-18 03:16:46 | [32mINFO    [0m | [90mnfa_pipeline.utils.http_client[0m | GET https://www.imdb.com/find/?q=Shabdikkunna+Kalappa+%28Talking+Plow%29+2020&s=tt&ttype=ft&ref_=fn_ft
2026-02-18 03:16:50 | [32mINFO    [0m | [90mnfa_pipeline.utils.http_client[0m | GET https://www.imdb.com/find/?q=Pearl+of+the+Desert+2020&s=tt&ttype=ft&ref_=fn_ft
2026-02-18 03:16:52 | [32mINFO    [0m | [90mnfa_pipeline.utils.http_client[0m | GET https://www.imdb.com/find/?q=Jadui+Jangal+%28Magical+Forest%29+2020&s=tt&ttype=ft&ref_=fn_ft
2026-02-18 03:16:55 | [32mINFO    [0m | [90mnfa_pipeline.utils.http_client[0m | GET https://www.imdb.com/find/?q=Borderlands+2020&s=tt&ttype=ft&ref_=fn_ft
2026-02-18 03:16:57 | [32mINFO    [0m | [90mnfa_pipeline.utils.http_client[0m | GET https://www.imdb.com/find/?q=1232+KMS+2020&s=tt&ttype=ft&ref_=fn_ft
2026-02-18 03:17:01 | [32mINFO    [0m | [90mnfa_pipeline.utils.http_client[0m | GET https://www.imdb.com/find/?q=Rhapsody+of+Rains-+Monsoons+of+Kerala+2020&s=tt&ttype=ft&ref_=fn_ft
2026-02-18 03:17:05 | [32mINFO    [0m | [90mnfa_pipeline.utils.http_client[0m | GET https://www.imdb.com/find/?q=Admitted+2020&s=tt&ttype=ft&ref_=fn_ft
2026-02-18 03:17:10 | [32mINFO    [0m | [90mnfa_pipeline.utils.http_client[0m | GET https://www.imdb.com/find/?q=Lifetime+Achievement+2020&s=tt&ttype=ft&ref_=fn_ft
2026-02-18 03:17:12 | [32mINFO    [0m | [90mnfa_pipeline.utils.http_client[0m | GET https://www.imdb.com/find/?q=Feature+Films+2020&s=tt&ttype=ft&ref_=fn_ft
2026-02-18 03:17:14 | [32mINFO    [0m | [90mnfa_pipeline.utils.http_client[0m | GET https://www.imdb.com/find/?q=Golden+Lotus+Awards+2020&s=tt&ttype=ft&ref_=fn_ft
2026-02-18 03:17:17 | [32mINFO    [0m | [90mnfa_pipeline.utils.http_client[0m | GET https://www.imdb.com/find/?q=Silver+Lotus+Awards+2020&s=tt&ttype=ft&ref_=fn_ft
2026-02-18 03:17:21 | [32mINFO    [0m | [90mnfa_pipeline.utils.http_client[0m | GET https://www.imdb.com/find/?q=Silver+Lotus+Awards+%28Regional%29+2020&s=tt&ttype=ft&ref_=fn_ft
2026-02-18 03:17:23 | [32mINFO    [0m | [90mnfa_pipeline.utils.http_client[0m | GET https://www.imdb.com/find/?q=Discontinued+Awards+2020&s=tt&ttype=ft&ref_=fn_ft
2026-02-18 03:17:26 | [32mINFO    [0m | [90mnfa_pipeline.utils.http_client[0m | GET https://www.imdb.com/find/?q=Non-Feature+Films+2020&s=tt&ttype=ft&ref_=fn_ft
2026-02-18 03:17:32 | [32mINFO    [0m | [90mnfa_pipeline.utils.http_client[0m | GET https://www.imdb.com/find/?q=Writing+on+Cinema+2020&s=tt&ttype=ft&ref_=fn_ft
2026-02-18 03:17:37 | [32mINFO    [0m | [90mnfa_pipeline.utils.http_client[0m | GET https://www.imdb.com/find/?q=Special+Awards+2020&s=tt&ttype=ft&ref_=fn_ft
2026-02-18 03:17:39 | [32mINFO    [0m | [90mnfa_pipeline.utils.http_client[0m | GET https://www.imdb.com/find/?q=Awards+by+year+2020&s=tt&ttype=ft&ref_=fn_ft
2026-02-18 03:17:42 | [32mINFO    [0m | [90mnfa_pipeline.utils.http_client[0m | GET https://www.imdb.com/find/?q=1953%E2%80%931960+2020&s=tt&ttype=ft&ref_=fn_ft
2026-02-18 03:17:45 | [32mINFO    [0m | [90mnfa_pipeline.utils.http_client[0m | GET https://www.imdb.com/find/?q=1961%E2%80%931980+2020&s=tt&ttype=ft&ref_=fn_ft
2026-02-18 03:17:48 | [32mINFO    [0m | [90mnfa_pipeline.utils.http_client[0m | GET https://www.imdb.com/find/?q=1981%E2%80%932000+2020&s=tt&ttype=ft&ref_=fn_ft
2026-02-18 03:17:51 | [32mINFO    [0m | [90mnfa_pipeline.utils.http_client[0m | GET https://www.imdb.com/find/?q=2001%E2%80%932020+2020&s=tt&ttype=ft&ref_=fn_ft
2026-02-18 03:17:53 | [32mINFO    [0m | [90mnfa_pipeline.utils.http_client[0m | GET https://www.imdb.com/find/?q=2021%E2%80%93present+2020&s=tt&ttype=ft&ref_=fn_ft
2026-02-18 03:17:56 | [32mINFO    [0m | [90mnfa_pipeline.utils.http_client[0m | GET https://www.imdb.com/find/?q=Feature+Film+Promoting+National%2C+Social+and+Environmental+Values+Film+in+AVGC+%28VFX+Supervisor%29+Actor+in+a+Leading+Role+Actress++in+a+Leading+Role+Actor+in+a+Supporting+Role+Actress+in+a+Supporting+Role+Child+Artist+Music+Direction+Male+Playback+Singer+Female+Playback+Singer+Lyrics+Production+Design+Sound+Design+Choreography+Cinematography+Costume+Design+Editing+Make-up+Screenplay+Stunt+Choreography+Special+Mention+2020&s=tt&ttype=ft&ref_=fn_ft
2026-02-18 03:17:59 | [32mINFO    [0m | [90mnfa_pipeline.utils.http_client[0m | GET https://www.imdb.com/find/?q=Languages+specified+in+the+Eighth+schedule+of+the+Constitution+of+India+%3A+Assamese+Bengali+Bodo+Dogri+Gujarati+Hindi+Kannada+Kashmiri+Konkani+Malayalam+Manipuri+Marathi+Maithili+Odia+Punjabi+Sanskrit+Tamil+Telugu+Urdu+Languages+other+than+those+specified+in+the+Eighth+schedule+of+the+Constitution+%3A+Bhojpuri+Garo+Haryanvi+Jasari+Khasi+Kodava+Kokborok+Ladakhi+Mishing+Mizo+Monpa+Pangchenpa+Rabha+Sherdukpen+Tiwa+Tulu+Wancho+2020&s=tt&ttype=ft&ref_=fn_ft
2026-02-18 03:18:02 | [32mINFO    [0m | [90mnfa_pipeline.utils.http_client[0m | GET https://www.imdb.com/find/?q=Second+Best+Feature+Film+Third+Best+Feature+Film+Story+Film+Based+on+High+Literary+Work+Film+on+Environment+Conservation%2FPreservation+Film+on+Family+Welfare+Film+on+National+Integration+Film+on+Other+Social+Issues+Special+Jury+Award+Animated+Film+Special+Effects+2020&s=tt&ttype=ft&ref_=fn_ft
2026-02-18 03:18:05 | [32mINFO    [0m | [90mnfa_pipeline.utils.http_client[0m | GET https://www.imdb.com/find/?q=Non+Feature+Film+Promoting+National%2C+Social+and+Environmental+Values+Documentary+Arts%2FCultural+Film+Biographical%2FHistorical+Reconstruction%2FCompilation+Film+Animation+Film+Short+Film+Script+Sound+Design+Cinematography+Editing+Music+Direction+Narration+%2F+Voice+Over+Special+Mention+2020&s=tt&ttype=ft&ref_=fn_ft
2026-02-18 03:18:09 | [32mINFO    [0m | [90mnfa_pipeline.utils.http_client[0m | GET https://www.imdb.com/find/?q=Experimental+Film+Industrial+Film+Agriculture+Film+Anthropological%2FEthnographic+Film+Biographical+Film+Educational%2FMotivational%2FInstructional+Film+Environment%2FConservation%2FPreservation+Film+Exploration%2FAdventure+Film+Film+on+Family+Welfare+Historical+Reconstruction%2FCompilation+Film+Investigative+Film+Promotional+Film+Scientific+Film+Film+on+Social+Issues+Filmstrip+News+Review+Newsreel+Cameraman+Special+Jury+Award+2020&s=tt&ttype=ft&ref_=fn_ft
2026-02-18 03:18:12 | [32mINFO    [0m | [90mnfa_pipeline.utils.http_client[0m | GET https://www.imdb.com/find/?q=Special+Mention+%28Book+on+Cinema%29+Special+Mention+%28Film+Critic%29+2020&s=tt&ttype=ft&ref_=fn_ft
2026-02-18 03:18:13 | [32mINFO    [0m | [90mnfa_pipeline.extractors.imdb_extractor[0m | [IMDb] Enriched 0 / 113 missing records
2026-02-18 03:18:13 | [32mINFO    [0m | [90mnfa_pipeline.extractors.multi_source_extractor[0m | film_year=2020: DONE — 113 records, 0 with IMDb ID, 0 with rating
2026-02-18 03:18:13 | [32mINFO    [0m | [90mnfa_pipeline.validators.record_validator[0m | ValidationReport: 113 records | 110 valid (97.3%) | 3 invalid | 0 warnings
2026-02-18 03:18:13 | [32mINFO    [0m | [90mnfa_pipeline.utils.logging_setup[0m | [██████████████████████████████] Scraping years 100% (1/1) — year 2020 OK (113 records)
2026-02-18 03:18:13 | [32mINFO    [0m | [90mnfa_pipeline.utils.logging_setup[0m | ✓ Scraping years complete (1 items)
2026-02-18 03:18:13 | [32mINFO    [0m | [90mnfa_pipeline.pipeline    [0m | Running batch validation on 113 total records …
2026-02-18 03:18:13 | [32mINFO    [0m | [90mnfa_pipeline.validators.record_validator[0m | ValidationReport: 113 records | 110 valid (97.3%) | 3 invalid | 0 warnings
2026-02-18 03:18:13 | [32mINFO    [0m | [90mnfa_pipeline.storage.sqlite_storage[0m | Connected to SQLite: data\processed\nfa_awards.db
2026-02-18 03:18:13 | [32mINFO    [0m | [90mnfa_pipeline.storage.sqlite_storage[0m | Upserted 113 records into SQLite
2026-02-18 03:23:45 | [32mINFO    [0m | [90mnfa_pipeline.pipeline    [0m | ============================================================
2026-02-18 03:23:45 | [32mINFO    [0m | [90mnfa_pipeline.pipeline    [0m | NFA Pipeline v1.0.0 — initialised
2026-02-18 03:23:45 | [32mINFO    [0m | [90mnfa_pipeline.pipeline    [0m | Years: 2000–2023
2026-02-18 03:23:45 | [32mINFO    [0m | [90mnfa_pipeline.pipeline    [0m | ============================================================
2026-02-18 03:23:45 | [32mINFO    [0m | [90mnfa_pipeline.pipeline    [0m | Run bb4a9170-a999-46a8-9b03-8bec692a808c started — 1 years requested
2026-02-18 03:23:45 | [32mINFO    [0m | [90mnfa_pipeline.pipeline    [0m | Checkpoint: skipping 1 already-done years
2026-02-18 03:23:45 | [32mINFO    [0m | [90mnfa_pipeline.extractors.multi_source_extractor[0m | [MultiSource] Sources configured:
2026-02-18 03:23:45 | [32mINFO    [0m | [90mnfa_pipeline.extractors.multi_source_extractor[0m |   ✓ Wikipedia API    (primary, always on)
2026-02-18 03:23:45 | [32mINFO    [0m | [90mnfa_pipeline.extractors.multi_source_extractor[0m |   ✓ Wikipedia HTML   (fallback, always on)
2026-02-18 03:23:45 | [32mINFO    [0m | [90mnfa_pipeline.extractors.multi_source_extractor[0m |   ✓ Serper API      (gap-fill, key=set)
2026-02-18 03:23:45 | [32mINFO    [0m | [90mnfa_pipeline.extractors.multi_source_extractor[0m |   ✓ OMDb API        (enrichment, key=set)
2026-02-18 03:23:45 | [32mINFO    [0m | [90mnfa_pipeline.extractors.multi_source_extractor[0m |   ✓ IMDb scraper     (fallback enrichment, always on)
2026-02-18 03:23:45 | [32mINFO    [0m | [90mnfa_pipeline.utils.logging_setup[0m | ✓ Scraping years complete (0 items)
2026-02-18 03:23:45 | [32mINFO    [0m | [90mnfa_pipeline.pipeline    [0m | Running batch validation on 0 total records …
2026-02-18 03:23:45 | [32mINFO    [0m | [90mnfa_pipeline.validators.record_validator[0m | ValidationReport: 0 records | 0 valid (0.0%) | 0 invalid | 0 warnings
2026-02-18 03:23:45 | [33mWARNING [0m | [90mnfa_pipeline.validators.record_validator[0m | Completeness 0.0% is below threshold 70.0%
2026-02-18 03:23:45 | [32mINFO    [0m | [90mnfa_pipeline.storage.sqlite_storage[0m | Connected to SQLite: data\processed\nfa_awards.db
2026-02-18 03:23:46 | [32mINFO    [0m | [90mnfa_pipeline.storage.excel_exporter[0m | Excel exported: data\processed\nfa_awards.xlsx (0 rows)
2026-02-18 03:23:46 | [32mINFO    [0m | [90mnfa_pipeline.storage.csv_exporter[0m | CSV exported: data\processed\nfa_awards.csv (0 rows)
2026-02-18 03:23:46 | [32mINFO    [0m | [90mnfa_pipeline.pipeline    [0m | 
2026-02-18 03:23:46 | [32mINFO    [0m | [90mnfa_pipeline.pipeline    [0m | ━━━━━━━━━━━━━━━━━━━━━━━━━━━━━━━━━━━━━━━━━━━━━━━━━━━━━━━━━━━━
2026-02-18 03:23:46 | [32mINFO    [0m | [90mnfa_pipeline.pipeline    [0m | PIPELINE COMPLETE
2026-02-18 03:23:46 | [32mINFO    [0m | [90mnfa_pipeline.pipeline    [0m |   Run ID       : bb4a9170-a999-46a8-9b03-8bec692a808c
2026-02-18 03:23:46 | [32mINFO    [0m | [90mnfa_pipeline.pipeline    [0m |   Duration     : 0.3s
2026-02-18 03:23:46 | [32mINFO    [0m | [90mnfa_pipeline.pipeline    [0m |   Years OK     : 0 / 1
2026-02-18 03:23:46 | [32mINFO    [0m | [90mnfa_pipeline.pipeline    [0m |   Years Failed : 0
2026-02-18 03:23:46 | [32mINFO    [0m | [90mnfa_pipeline.pipeline    [0m |   Total Records: 0
2026-02-18 03:23:46 | [32mINFO    [0m | [90mnfa_pipeline.pipeline    [0m |   Valid        : 0 (0.0%)
2026-02-18 03:23:46 | [32mINFO    [0m | [90mnfa_pipeline.pipeline    [0m |   Invalid      : 0
2026-02-18 03:23:46 | [32mINFO    [0m | [90mnfa_pipeline.pipeline    [0m |   Warnings     : 0
2026-02-18 03:23:46 | [32mINFO    [0m | [90mnfa_pipeline.pipeline    [0m |   Status       : COMPLETED
2026-02-18 03:23:46 | [32mINFO    [0m | [90mnfa_pipeline.pipeline    [0m | ━━━━━━━━━━━━━━━━━━━━━━━━━━━━━━━━━━━━━━━━━━━━━━━━━━━━━━━━━━━━
2026-02-18 03:25:35 | [32mINFO    [0m | [90mnfa_pipeline.pipeline    [0m | ============================================================
2026-02-18 03:25:35 | [32mINFO    [0m | [90mnfa_pipeline.pipeline    [0m | NFA Pipeline v1.0.0 — initialised
2026-02-18 03:25:35 | [32mINFO    [0m | [90mnfa_pipeline.pipeline    [0m | Years: 2000–2023
2026-02-18 03:25:35 | [32mINFO    [0m | [90mnfa_pipeline.pipeline    [0m | ============================================================
2026-02-18 03:25:35 | [32mINFO    [0m | [90mnfa_pipeline.pipeline    [0m | Run 8e5ada19-17d5-43e2-95d9-d621450436c1 started — 1 years requested
2026-02-18 03:25:35 | [32mINFO    [0m | [90mnfa_pipeline.extractors.multi_source_extractor[0m | [MultiSource] Sources configured:
2026-02-18 03:25:35 | [32mINFO    [0m | [90mnfa_pipeline.extractors.multi_source_extractor[0m |   ✓ Wikipedia API    (primary, always on)
2026-02-18 03:25:35 | [32mINFO    [0m | [90mnfa_pipeline.extractors.multi_source_extractor[0m |   ✓ Wikipedia HTML   (fallback, always on)
2026-02-18 03:25:35 | [32mINFO    [0m | [90mnfa_pipeline.extractors.multi_source_extractor[0m |   ✓ Serper API      (gap-fill, key=set)
2026-02-18 03:25:35 | [32mINFO    [0m | [90mnfa_pipeline.extractors.multi_source_extractor[0m |   ✓ OMDb API        (enrichment, key=set)
2026-02-18 03:25:35 | [32mINFO    [0m | [90mnfa_pipeline.extractors.multi_source_extractor[0m |   ✓ IMDb scraper     (fallback enrichment, always on)
2026-02-18 03:25:35 | [32mINFO    [0m | [90mnfa_pipeline.extractors.multi_source_extractor[0m | ━━━━━━━━━━━━━━━━━━━━━━━━━━━━━━━━━━━━━━━━━━━━━━━━━━━━━━━━━━━━
2026-02-18 03:25:35 | [32mINFO    [0m | [90mnfa_pipeline.extractors.multi_source_extractor[0m | Processing film_year=2020
2026-02-18 03:25:35 | [32mINFO    [0m | [90mnfa_pipeline.extractors.multi_source_extractor[0m | [Step 1a] Wikipedia REST API
2026-02-18 03:25:35 | [32mINFO    [0m | [90mnfa_pipeline.extractors.wikipedia_api_extractor[0m | [WikipediaAPI] film_year=2020 → 68th NFA
2026-02-18 03:25:35 | [32mINFO    [0m | [90mnfa_pipeline.extractors.wikipedia_api_extractor[0m | [WikipediaAPI] film_year=2020: 113 records
2026-02-18 03:25:35 | [32mINFO    [0m | [90mnfa_pipeline.extractors.multi_source_extractor[0m | film_year=2020: 113 NFA records extracted (source=wikipedia_api)
2026-02-18 03:25:35 | [32mINFO    [0m | [90mnfa_pipeline.extractors.multi_source_extractor[0m | [Step 2] Serper: filling director for 95 records
2026-02-18 03:25:35 | [32mINFO    [0m | [90mnfa_pipeline.extractors.multi_source_extractor[0m | [Step 2] Serper: filling language for 53 records
2026-02-18 03:30:44 | [33mWARNING [0m | [90mnfa_pipeline.extractors.omdb_extractor[0m | [OMDb] Request error for 'Feature Film Promoting National, Social and Environmental Values Film in AVGC (VFX Supervisor) Actor in a Leading Role Actress  in a Leading Role Actor in a Supporting Role Actress in a Supporting Role Child Artist Music Direction Male Playback Singer Female Playback Singer Lyrics Production Design Sound Design Choreography Cinematography Costume Design Editing Make-up Screenplay Stunt Choreography Special Mention': Expecting ',' delimiter: line 1 column 50 (char 49)
2026-02-18 03:30:44 | [33mWARNING [0m | [90mnfa_pipeline.extractors.omdb_extractor[0m | [OMDb] Request error for 'Languages specified in the Eighth schedule of the Constitution of India : Assamese Bengali Bodo Dogri Gujarati Hindi Kannada Kashmiri Konkani Malayalam Manipuri Marathi Maithili Odia Punjabi Sanskrit Tamil Telugu Urdu Languages other than those specified in the Eighth schedule of the Constitution : Bhojpuri Garo Haryanvi Jasari Khasi Kodava Kokborok Ladakhi Mishing Mizo Monpa Pangchenpa Rabha Sherdukpen Tiwa Tulu Wancho': Expecting ',' delimiter: line 1 column 50 (char 49)
2026-02-18 03:30:45 | [33mWARNING [0m | [90mnfa_pipeline.extractors.omdb_extractor[0m | [OMDb] Request error for 'Second Best Feature Film Third Best Feature Film Story Film Based on High Literary Work Film on Environment Conservation/Preservation Film on Family Welfare Film on National Integration Film on Other Social Issues Special Jury Award Animated Film Special Effects': Expecting ',' delimiter: line 1 column 50 (char 49)
2026-02-18 03:30:46 | [33mWARNING [0m | [90mnfa_pipeline.extractors.omdb_extractor[0m | [OMDb] Request error for 'Non Feature Film Promoting National, Social and Environmental Values Documentary Arts/Cultural Film Biographical/Historical Reconstruction/Compilation Film Animation Film Short Film Script Sound Design Cinematography Editing Music Direction Narration / Voice Over Special Mention': Expecting ',' delimiter: line 1 column 50 (char 49)
2026-02-18 03:30:46 | [33mWARNING [0m | [90mnfa_pipeline.extractors.omdb_extractor[0m | [OMDb] Request error for 'Experimental Film Industrial Film Agriculture Film Anthropological/Ethnographic Film Biographical Film Educational/Motivational/Instructional Film Environment/Conservation/Preservation Film Exploration/Adventure Film Film on Family Welfare Historical Reconstruction/Compilation Film Investigative Film Promotional Film Scientific Film Film on Social Issues Filmstrip News Review Newsreel Cameraman Special Jury Award': Expecting ',' delimiter: line 1 column 50 (char 49)
2026-02-18 03:30:47 | [32mINFO    [0m | [90mnfa_pipeline.extractors.omdb_extractor[0m | [OMDb] Enriched 68 / 113 records
2026-02-18 03:30:47 | [32mINFO    [0m | [90mnfa_pipeline.extractors.multi_source_extractor[0m | [Step 4] IMDb fallback: 45/113 records still missing IMDb data (40%)
2026-02-18 03:30:47 | [32mINFO    [0m | [90mnfa_pipeline.extractors.imdb_extractor[0m | [IMDb] Enriching 45 records missing IMDb data
2026-02-18 03:31:35 | [32mINFO    [0m | [90mnfa_pipeline.extractors.imdb_extractor[0m | [IMDb] Enriched 0 / 45 missing records
2026-02-18 03:31:35 | [32mINFO    [0m | [90mnfa_pipeline.extractors.multi_source_extractor[0m | film_year=2020: DONE — 113 records, 68 with IMDb ID, 32 with rating
2026-02-18 03:31:35 | [32mINFO    [0m | [90mnfa_pipeline.validators.record_validator[0m | ValidationReport: 113 records | 113 valid (100.0%) | 0 invalid | 0 warnings
2026-02-18 03:31:35 | [32mINFO    [0m | [90mnfa_pipeline.utils.logging_setup[0m | [██████████████████████████████] Scraping years 100% (1/1) — year 2020 OK (113 records)
2026-02-18 03:31:35 | [32mINFO    [0m | [90mnfa_pipeline.utils.logging_setup[0m | ✓ Scraping years complete (1 items)
2026-02-18 03:31:35 | [32mINFO    [0m | [90mnfa_pipeline.pipeline    [0m | Running batch validation on 113 total records …
2026-02-18 03:31:35 | [32mINFO    [0m | [90mnfa_pipeline.validators.record_validator[0m | ValidationReport: 113 records | 113 valid (100.0%) | 0 invalid | 0 warnings
2026-02-18 03:31:35 | [32mINFO    [0m | [90mnfa_pipeline.storage.sqlite_storage[0m | Connected to SQLite: data\processed\nfa_awards.db
2026-02-18 03:31:35 | [32mINFO    [0m | [90mnfa_pipeline.storage.sqlite_storage[0m | Upserted 113 records into SQLite
2026-02-18 03:31:35 | [32mINFO    [0m | [90mnfa_pipeline.storage.excel_exporter[0m | Excel exported: data\processed\nfa_awards.xlsx (113 rows)
2026-02-18 03:31:35 | [32mINFO    [0m | [90mnfa_pipeline.storage.csv_exporter[0m | CSV exported: data\processed\nfa_awards.csv (113 rows)
2026-02-18 03:31:35 | [32mINFO    [0m | [90mnfa_pipeline.pipeline    [0m | 
2026-02-18 03:31:35 | [32mINFO    [0m | [90mnfa_pipeline.pipeline    [0m | ━━━━━━━━━━━━━━━━━━━━━━━━━━━━━━━━━━━━━━━━━━━━━━━━━━━━━━━━━━━━
2026-02-18 03:31:35 | [32mINFO    [0m | [90mnfa_pipeline.pipeline    [0m | PIPELINE COMPLETE
2026-02-18 03:31:35 | [32mINFO    [0m | [90mnfa_pipeline.pipeline    [0m |   Run ID       : 8e5ada19-17d5-43e2-95d9-d621450436c1
2026-02-18 03:31:35 | [32mINFO    [0m | [90mnfa_pipeline.pipeline    [0m |   Duration     : 360.2s
2026-02-18 03:31:35 | [32mINFO    [0m | [90mnfa_pipeline.pipeline    [0m |   Years OK     : 1 / 1
2026-02-18 03:31:35 | [32mINFO    [0m | [90mnfa_pipeline.pipeline    [0m |   Years Failed : 0
2026-02-18 03:31:35 | [32mINFO    [0m | [90mnfa_pipeline.pipeline    [0m |   Total Records: 113
2026-02-18 03:31:35 | [32mINFO    [0m | [90mnfa_pipeline.pipeline    [0m |   Valid        : 113 (100.0%)
2026-02-18 03:31:35 | [32mINFO    [0m | [90mnfa_pipeline.pipeline    [0m |   Invalid      : 0
2026-02-18 03:31:35 | [32mINFO    [0m | [90mnfa_pipeline.pipeline    [0m |   Warnings     : 0
2026-02-18 03:31:35 | [32mINFO    [0m | [90mnfa_pipeline.pipeline    [0m |   Status       : COMPLETED
2026-02-18 03:31:35 | [32mINFO    [0m | [90mnfa_pipeline.pipeline    [0m | ━━━━━━━━━━━━━━━━━━━━━━━━━━━━━━━━━━━━━━━━━━━━━━━━━━━━━━━━━━━━
2026-02-18 03:47:56 | [32mINFO    [0m | [90mnfa_pipeline.pipeline    [0m | ============================================================
2026-02-18 03:47:56 | [32mINFO    [0m | [90mnfa_pipeline.pipeline    [0m | NFA Pipeline v1.0.0 — initialised
2026-02-18 03:47:56 | [32mINFO    [0m | [90mnfa_pipeline.pipeline    [0m | Years: 2000–2023
2026-02-18 03:47:56 | [32mINFO    [0m | [90mnfa_pipeline.pipeline    [0m | ============================================================
2026-02-18 03:47:56 | [32mINFO    [0m | [90mnfa_pipeline.pipeline    [0m | Run 9ca20248-b18a-4878-a17d-91f298be366d started — 1 years requested
2026-02-18 03:47:56 | [32mINFO    [0m | [90mnfa_pipeline.extractors.multi_source_extractor[0m | [MultiSource] Sources configured:
2026-02-18 03:47:56 | [32mINFO    [0m | [90mnfa_pipeline.extractors.multi_source_extractor[0m |   ✓ Wikipedia API    (primary, always on)
2026-02-18 03:47:56 | [32mINFO    [0m | [90mnfa_pipeline.extractors.multi_source_extractor[0m |   ✓ Wikipedia HTML   (fallback, always on)
2026-02-18 03:47:56 | [32mINFO    [0m | [90mnfa_pipeline.extractors.multi_source_extractor[0m |   ✓ Serper API      (gap-fill, key=set)
2026-02-18 03:47:56 | [32mINFO    [0m | [90mnfa_pipeline.extractors.multi_source_extractor[0m |   ✓ OMDb API        (enrichment, key=set)
2026-02-18 03:47:56 | [32mINFO    [0m | [90mnfa_pipeline.extractors.multi_source_extractor[0m |   ✓ IMDb scraper     (fallback enrichment, always on)
2026-02-18 03:47:56 | [32mINFO    [0m | [90mnfa_pipeline.extractors.multi_source_extractor[0m | ━━━━━━━━━━━━━━━━━━━━━━━━━━━━━━━━━━━━━━━━━━━━━━━━━━━━━━━━━━━━
2026-02-18 03:47:56 | [32mINFO    [0m | [90mnfa_pipeline.extractors.multi_source_extractor[0m | Processing film_year=2024
2026-02-18 03:47:56 | [32mINFO    [0m | [90mnfa_pipeline.extractors.multi_source_extractor[0m | [Step 1a] Wikipedia REST API
2026-02-18 03:47:56 | [32mINFO    [0m | [90mnfa_pipeline.extractors.wikipedia_api_extractor[0m | [WikipediaAPI] film_year=2024 → 72nd NFA
2026-02-18 03:47:58 | [32mINFO    [0m | [90mnfa_pipeline.utils.http_client[0m | GET https://en.wikipedia.org/api/rest_v1/page/html/72nd_National_Film_Awards
2026-02-18 03:47:58 | [31mERROR   [0m | [90mnfa_pipeline.utils.http_client[0m | HTTP 404 for https://en.wikipedia.org/api/rest_v1/page/html/72nd_National_Film_Awards
2026-02-18 03:47:58 | [33mWARNING [0m | [90mnfa_pipeline.extractors.wikipedia_api_extractor[0m | [WikipediaAPI] REST API failed, trying direct URL
2026-02-18 03:48:01 | [32mINFO    [0m | [90mnfa_pipeline.utils.http_client[0m | GET https://en.wikipedia.org/wiki/72nd_National_Film_Awards
2026-02-18 03:48:02 | [31mERROR   [0m | [90mnfa_pipeline.utils.http_client[0m | HTTP 404 for https://en.wikipedia.org/wiki/72nd_National_Film_Awards
2026-02-18 03:48:02 | [32mINFO    [0m | [90mnfa_pipeline.extractors.multi_source_extractor[0m | [Step 1b] Wikipedia HTML direct (API failed or 0 records)
2026-02-18 03:48:02 | [32mINFO    [0m | [90mnfa_pipeline.extractors.wikipedia_extractor[0m | [Wikipedia] film_year=2024 → 72nd NFA → https://en.wikipedia.org/wiki/72nd_National_Film_Awards
2026-02-18 03:48:04 | [32mINFO    [0m | [90mnfa_pipeline.utils.http_client[0m | GET https://en.wikipedia.org/wiki/72nd_National_Film_Awards
2026-02-18 03:48:04 | [31mERROR   [0m | [90mnfa_pipeline.utils.http_client[0m | HTTP 404 for https://en.wikipedia.org/wiki/72nd_National_Film_Awards
2026-02-18 03:48:04 | [33mWARNING [0m | [90mnfa_pipeline.extractors.multi_source_extractor[0m | film_year=2024: Both Wikipedia sources returned 0 records
2026-02-18 03:48:04 | [33mWARNING [0m | [90mnfa_pipeline.extractors.multi_source_extractor[0m | film_year=2024: No records from any NFA source
2026-02-18 03:48:04 | [33mWARNING [0m | [90mnfa_pipeline.pipeline    [0m | Year 2024: extraction failed — HTTP fetch returned None
2026-02-18 03:48:04 | [33mWARNING [0m | [90mnfa_pipeline.utils.checkpoint[0m | Checkpoint: year 2024 marked failed — HTTP fetch returned None
2026-02-18 03:48:04 | [32mINFO    [0m | [90mnfa_pipeline.utils.logging_setup[0m | [██████████████████████████████] Scraping years 100% (1/1) — year 2024 FAILED
2026-02-18 03:48:04 | [32mINFO    [0m | [90mnfa_pipeline.utils.logging_setup[0m | ✓ Scraping years complete (1 items)
2026-02-18 03:48:04 | [32mINFO    [0m | [90mnfa_pipeline.pipeline    [0m | Running batch validation on 0 total records …
2026-02-18 03:48:04 | [32mINFO    [0m | [90mnfa_pipeline.validators.record_validator[0m | ValidationReport: 0 records | 0 valid (0.0%) | 0 invalid | 0 warnings
2026-02-18 03:48:04 | [33mWARNING [0m | [90mnfa_pipeline.validators.record_validator[0m | Completeness 0.0% is below threshold 70.0%
2026-02-18 03:48:04 | [32mINFO    [0m | [90mnfa_pipeline.pipeline    [0m | Per-run output folder: data\processed\run_20260218_084804_9ca20248
2026-02-18 03:48:04 | [32mINFO    [0m | [90mnfa_pipeline.storage.sqlite_storage[0m | Connected to SQLite: data\processed\nfa_awards.db
2026-02-18 03:48:05 | [32mINFO    [0m | [90mnfa_pipeline.storage.excel_exporter[0m | Excel exported: data\processed\nfa_awards.xlsx (0 rows)
2026-02-18 03:48:05 | [32mINFO    [0m | [90mnfa_pipeline.storage.excel_exporter[0m | Excel exported: data\processed\run_20260218_084804_9ca20248\nfa_awards.xlsx (0 rows)
2026-02-18 03:48:05 | [32mINFO    [0m | [90mnfa_pipeline.storage.csv_exporter[0m | CSV exported: data\processed\nfa_awards.csv (0 rows)
2026-02-18 03:48:05 | [32mINFO    [0m | [90mnfa_pipeline.storage.csv_exporter[0m | CSV exported: data\processed\run_20260218_084804_9ca20248\nfa_awards.csv (0 rows)
2026-02-18 03:48:05 | [32mINFO    [0m | [90mnfa_pipeline.storage.json_exporter[0m | JSON exported: data\processed\nfa_awards.json (0 records)
2026-02-18 03:48:05 | [32mINFO    [0m | [90mnfa_pipeline.storage.json_exporter[0m | JSON exported: data\processed\run_20260218_084804_9ca20248\nfa_awards.json (0 records)
2026-02-18 03:48:05 | [32mINFO    [0m | [90mnfa_pipeline.pipeline    [0m | 
2026-02-18 03:48:05 | [32mINFO    [0m | [90mnfa_pipeline.pipeline    [0m | ━━━━━━━━━━━━━━━━━━━━━━━━━━━━━━━━━━━━━━━━━━━━━━━━━━━━━━━━━━━━
2026-02-18 03:48:05 | [32mINFO    [0m | [90mnfa_pipeline.pipeline    [0m | PIPELINE COMPLETE
2026-02-18 03:48:05 | [32mINFO    [0m | [90mnfa_pipeline.pipeline    [0m |   Run ID       : 9ca20248-b18a-4878-a17d-91f298be366d
2026-02-18 03:48:05 | [32mINFO    [0m | [90mnfa_pipeline.pipeline    [0m |   Duration     : 8.4s
2026-02-18 03:48:05 | [32mINFO    [0m | [90mnfa_pipeline.pipeline    [0m |   Years OK     : 0 / 1
2026-02-18 03:48:05 | [32mINFO    [0m | [90mnfa_pipeline.pipeline    [0m |   Years Failed : 1
2026-02-18 03:48:05 | [32mINFO    [0m | [90mnfa_pipeline.pipeline    [0m |   Total Records: 0
2026-02-18 03:48:05 | [32mINFO    [0m | [90mnfa_pipeline.pipeline    [0m |   Valid        : 0 (0.0%)
2026-02-18 03:48:05 | [32mINFO    [0m | [90mnfa_pipeline.pipeline    [0m |   Invalid      : 0
2026-02-18 03:48:05 | [32mINFO    [0m | [90mnfa_pipeline.pipeline    [0m |   Warnings     : 0
2026-02-18 03:48:05 | [32mINFO    [0m | [90mnfa_pipeline.pipeline    [0m |   Status       : PARTIAL
2026-02-18 03:48:05 | [32mINFO    [0m | [90mnfa_pipeline.pipeline    [0m | ━━━━━━━━━━━━━━━━━━━━━━━━━━━━━━━━━━━━━━━━━━━━━━━━━━━━━━━━━━━━
2026-02-18 03:48:05 | [33mWARNING [0m | [90mnfa_pipeline.pipeline    [0m | Failed years: [2024]
2026-02-18 03:48:58 | [32mINFO    [0m | [90mnfa_pipeline.pipeline    [0m | ============================================================
2026-02-18 03:48:58 | [32mINFO    [0m | [90mnfa_pipeline.pipeline    [0m | NFA Pipeline v1.0.0 — initialised
2026-02-18 03:48:58 | [32mINFO    [0m | [90mnfa_pipeline.pipeline    [0m | Years: 2000–2023
2026-02-18 03:48:58 | [32mINFO    [0m | [90mnfa_pipeline.pipeline    [0m | ============================================================
2026-02-18 03:48:58 | [32mINFO    [0m | [90mnfa_pipeline.pipeline    [0m | Run c07f5356-b79e-42a4-83a5-56197aaa06cf started — 1 years requested
2026-02-18 03:48:58 | [32mINFO    [0m | [90mnfa_pipeline.extractors.multi_source_extractor[0m | [MultiSource] Sources configured:
2026-02-18 03:48:58 | [32mINFO    [0m | [90mnfa_pipeline.extractors.multi_source_extractor[0m |   ✓ Wikipedia API    (primary, always on)
2026-02-18 03:48:58 | [32mINFO    [0m | [90mnfa_pipeline.extractors.multi_source_extractor[0m |   ✓ Wikipedia HTML   (fallback, always on)
2026-02-18 03:48:58 | [32mINFO    [0m | [90mnfa_pipeline.extractors.multi_source_extractor[0m |   ✓ Serper API      (gap-fill, key=set)
2026-02-18 03:48:58 | [32mINFO    [0m | [90mnfa_pipeline.extractors.multi_source_extractor[0m |   ✓ OMDb API        (enrichment, key=set)
2026-02-18 03:48:58 | [32mINFO    [0m | [90mnfa_pipeline.extractors.multi_source_extractor[0m |   ✓ IMDb scraper     (fallback enrichment, always on)
2026-02-18 03:48:58 | [32mINFO    [0m | [90mnfa_pipeline.extractors.multi_source_extractor[0m | ━━━━━━━━━━━━━━━━━━━━━━━━━━━━━━━━━━━━━━━━━━━━━━━━━━━━━━━━━━━━
2026-02-18 03:48:58 | [32mINFO    [0m | [90mnfa_pipeline.extractors.multi_source_extractor[0m | Processing film_year=2022
2026-02-18 03:48:58 | [32mINFO    [0m | [90mnfa_pipeline.extractors.multi_source_extractor[0m | [Step 1a] Wikipedia REST API
2026-02-18 03:48:58 | [32mINFO    [0m | [90mnfa_pipeline.extractors.wikipedia_api_extractor[0m | [WikipediaAPI] film_year=2022 → 70th NFA
2026-02-18 03:48:59 | [32mINFO    [0m | [90mnfa_pipeline.utils.http_client[0m | GET https://en.wikipedia.org/api/rest_v1/page/html/70th_National_Film_Awards
2026-02-18 03:49:01 | [32mINFO    [0m | [90mnfa_pipeline.extractors.wikipedia_api_extractor[0m | [WikipediaAPI] film_year=2022: 101 records
2026-02-18 03:49:01 | [32mINFO    [0m | [90mnfa_pipeline.extractors.multi_source_extractor[0m | film_year=2022: 101 NFA records extracted (source=wikipedia_api)
2026-02-18 03:49:01 | [32mINFO    [0m | [90mnfa_pipeline.extractors.multi_source_extractor[0m | [Step 2] Serper: filling director for 89 records
2026-02-18 03:49:01 | [32mINFO    [0m | [90mnfa_pipeline.extractors.multi_source_extractor[0m | [Step 2] Serper: filling language for 51 records
2026-02-18 03:53:25 | [33mWARNING [0m | [90mnfa_pipeline.extractors.omdb_extractor[0m | [OMDb] Request error for 'Feature Film Promoting National, Social and Environmental Values Film in AVGC (VFX Supervisor) Actor in a Leading Role Actress  in a Leading Role Actor in a Supporting Role Actress in a Supporting Role Child Artist Music Direction Male Playback Singer Female Playback Singer Lyrics Production Design Sound Design Choreography Cinematography Costume Design Editing Make-up Screenplay Stunt Choreography Special Mention': Expecting ',' delimiter: line 1 column 50 (char 49)
2026-02-18 03:53:26 | [33mWARNING [0m | [90mnfa_pipeline.extractors.omdb_extractor[0m | [OMDb] Request error for 'Languages specified in the Eighth schedule of the Constitution of India : Assamese Bengali Bodo Dogri Gujarati Hindi Kannada Kashmiri Konkani Malayalam Manipuri Marathi Maithili Odia Punjabi Sanskrit Tamil Telugu Urdu Languages other than those specified in the Eighth schedule of the Constitution : Bhojpuri Garo Haryanvi Jasari Khasi Kodava Kokborok Ladakhi Mishing Mizo Monpa Pangchenpa Rabha Sherdukpen Tiwa Tulu Wancho': Expecting ',' delimiter: line 1 column 50 (char 49)
2026-02-18 03:53:26 | [33mWARNING [0m | [90mnfa_pipeline.extractors.omdb_extractor[0m | [OMDb] Request error for 'Second Best Feature Film Third Best Feature Film Story Film Based on High Literary Work Film on Environment Conservation/Preservation Film on Family Welfare Film on National Integration Film on Other Social Issues Special Jury Award Animated Film Special Effects': Expecting ',' delimiter: line 1 column 50 (char 49)
2026-02-18 03:53:27 | [33mWARNING [0m | [90mnfa_pipeline.extractors.omdb_extractor[0m | [OMDb] Request error for 'Non Feature Film Promoting National, Social and Environmental Values Documentary Arts/Cultural Film Biographical/Historical Reconstruction/Compilation Film Animation Film Short Film Script Sound Design Cinematography Editing Music Direction Narration / Voice Over Special Mention': Expecting ',' delimiter: line 1 column 50 (char 49)
2026-02-18 03:53:27 | [33mWARNING [0m | [90mnfa_pipeline.extractors.omdb_extractor[0m | [OMDb] Request error for 'Experimental Film Industrial Film Agriculture Film Anthropological/Ethnographic Film Biographical Film Educational/Motivational/Instructional Film Environment/Conservation/Preservation Film Exploration/Adventure Film Film on Family Welfare Historical Reconstruction/Compilation Film Investigative Film Promotional Film Scientific Film Film on Social Issues Filmstrip News Review Newsreel Cameraman Special Jury Award': Expecting ',' delimiter: line 1 column 50 (char 49)
2026-02-18 03:53:28 | [32mINFO    [0m | [90mnfa_pipeline.extractors.omdb_extractor[0m | [OMDb] Enriched 53 / 101 records
2026-02-18 03:53:28 | [32mINFO    [0m | [90mnfa_pipeline.extractors.multi_source_extractor[0m | [Step 4] IMDb fallback: 48/101 records still missing IMDb data (48%)
2026-02-18 03:53:28 | [32mINFO    [0m | [90mnfa_pipeline.extractors.imdb_extractor[0m | [IMDb] Enriching 48 records missing IMDb data
2026-02-18 03:53:31 | [32mINFO    [0m | [90mnfa_pipeline.utils.http_client[0m | GET https://www.imdb.com/find/?q=Awarded+for+2022&s=tt&ttype=ft&ref_=fn_ft
2026-02-18 03:53:36 | [32mINFO    [0m | [90mnfa_pipeline.utils.http_client[0m | GET https://www.imdb.com/title/tt30895148/
2026-02-18 03:53:38 | [32mINFO    [0m | [90mnfa_pipeline.utils.http_client[0m | GET https://www.imdb.com/title/tt30895148/keywords
2026-02-18 03:53:42 | [32mINFO    [0m | [90mnfa_pipeline.utils.http_client[0m | GET https://www.imdb.com/title/tt30895148/fullcredits
2026-02-18 03:53:46 | [32mINFO    [0m | [90mnfa_pipeline.utils.http_client[0m | GET https://www.imdb.com/find/?q=Awarded+by+2022&s=tt&ttype=ft&ref_=fn_ft
2026-02-18 03:53:52 | [32mINFO    [0m | [90mnfa_pipeline.utils.http_client[0m | GET https://www.imdb.com/find/?q=Announced+on+2022&s=tt&ttype=ft&ref_=fn_ft
2026-02-18 03:53:56 | [32mINFO    [0m | [90mnfa_pipeline.utils.http_client[0m | GET https://www.imdb.com/find/?q=Presented+on+2022&s=tt&ttype=ft&ref_=fn_ft
2026-02-18 03:53:59 | [32mINFO    [0m | [90mnfa_pipeline.utils.http_client[0m | GET https://www.imdb.com/title/tt12993004/
2026-02-18 03:54:02 | [32mINFO    [0m | [90mnfa_pipeline.utils.http_client[0m | GET https://www.imdb.com/title/tt12993004/keywords
2026-02-18 03:54:06 | [32mINFO    [0m | [90mnfa_pipeline.utils.http_client[0m | GET https://www.imdb.com/title/tt12993004/fullcredits
2026-02-18 03:54:09 | [32mINFO    [0m | [90mnfa_pipeline.utils.http_client[0m | GET https://www.imdb.com/find/?q=Official+website+2022&s=tt&ttype=ft&ref_=fn_ft
2026-02-18 03:54:13 | [32mINFO    [0m | [90mnfa_pipeline.utils.http_client[0m | GET https://www.imdb.com/title/tt32360820/
2026-02-18 03:54:15 | [32mINFO    [0m | [90mnfa_pipeline.utils.http_client[0m | GET https://www.imdb.com/title/tt32360820/keywords
2026-02-18 03:54:17 | [32mINFO    [0m | [90mnfa_pipeline.utils.http_client[0m | GET https://www.imdb.com/title/tt32360820/fullcredits
2026-02-18 03:54:20 | [32mINFO    [0m | [90mnfa_pipeline.utils.http_client[0m | GET https://www.imdb.com/find/?q=Best+Feature+Film+2022&s=tt&ttype=ft&ref_=fn_ft
2026-02-18 03:54:23 | [32mINFO    [0m | [90mnfa_pipeline.utils.http_client[0m | GET https://www.imdb.com/title/tt19850292/
2026-02-18 03:54:27 | [32mINFO    [0m | [90mnfa_pipeline.utils.http_client[0m | GET https://www.imdb.com/title/tt19850292/keywords
2026-02-18 03:54:30 | [32mINFO    [0m | [90mnfa_pipeline.utils.http_client[0m | GET https://www.imdb.com/title/tt19850292/fullcredits
2026-02-18 03:54:34 | [32mINFO    [0m | [90mnfa_pipeline.utils.http_client[0m | GET https://www.imdb.com/find/?q=Best+Non-Feature+Film+2022&s=tt&ttype=ft&ref_=fn_ft
2026-02-18 03:54:40 | [32mINFO    [0m | [90mnfa_pipeline.utils.http_client[0m | GET https://www.imdb.com/find/?q=Best+Book+2022&s=tt&ttype=ft&ref_=fn_ft
2026-02-18 03:54:42 | [32mINFO    [0m | [90mnfa_pipeline.utils.http_client[0m | GET https://www.imdb.com/title/tt21343502/
2026-02-18 03:54:44 | [32mINFO    [0m | [90mnfa_pipeline.utils.http_client[0m | GET https://www.imdb.com/title/tt21343502/keywords
2026-02-18 03:54:47 | [32mINFO    [0m | [90mnfa_pipeline.utils.http_client[0m | GET https://www.imdb.com/title/tt21343502/fullcredits
2026-02-18 03:54:51 | [32mINFO    [0m | [90mnfa_pipeline.utils.http_client[0m | GET https://www.imdb.com/find/?q=Best+Film+Critic+2022&s=tt&ttype=ft&ref_=fn_ft
2026-02-18 03:54:55 | [32mINFO    [0m | [90mnfa_pipeline.utils.http_client[0m | GET https://www.imdb.com/title/tt29615171/
2026-02-18 03:54:58 | [32mINFO    [0m | [90mnfa_pipeline.utils.http_client[0m | GET https://www.imdb.com/title/tt29615171/keywords
2026-02-18 03:55:01 | [32mINFO    [0m | [90mnfa_pipeline.utils.http_client[0m | GET https://www.imdb.com/title/tt29615171/fullcredits
2026-02-18 03:55:05 | [32mINFO    [0m | [90mnfa_pipeline.utils.http_client[0m | GET https://www.imdb.com/find/?q=Dadasaheb+Phalke+Award+2022&s=tt&ttype=ft&ref_=fn_ft
2026-02-18 03:55:08 | [32mINFO    [0m | [90mnfa_pipeline.utils.http_client[0m | GET https://www.imdb.com/find/?q=Most+awards+2022&s=tt&ttype=ft&ref_=fn_ft
2026-02-18 03:55:13 | [32mINFO    [0m | [90mnfa_pipeline.utils.http_client[0m | GET https://www.imdb.com/find/?q=Brahm%C4%81stra%3A+Part+One+%E2%80%93+Shiva+%28Song%3A+%22+Kesariya+%22%29+2022&s=tt&ttype=ft&ref_=fn_ft
2026-02-18 03:55:15 | [32mINFO    [0m | [90mnfa_pipeline.utils.http_client[0m | GET https://www.imdb.com/title/tt6277462/
2026-02-18 03:55:18 | [32mINFO    [0m | [90mnfa_pipeline.utils.http_client[0m | GET https://www.imdb.com/title/tt6277462/keywords
2026-02-18 03:55:21 | [32mINFO    [0m | [90mnfa_pipeline.utils.http_client[0m | GET https://www.imdb.com/title/tt6277462/fullcredits
2026-02-18 03:55:24 | [32mINFO    [0m | [90mnfa_pipeline.utils.http_client[0m | GET https://www.imdb.com/find/?q=Saudi+Vellakka+%28Song%3A+%22Chaayum+Veyil%22%29+2022&s=tt&ttype=ft&ref_=fn_ft
2026-02-18 03:55:28 | [32mINFO    [0m | [90mnfa_pipeline.utils.http_client[0m | GET https://www.imdb.com/find/?q=Ponniyin+Selvan%3A+I+2022&s=tt&ttype=ft&ref_=fn_ft
2026-02-18 03:55:31 | [32mINFO    [0m | [90mnfa_pipeline.utils.http_client[0m | GET https://www.imdb.com/title/tt10701074/
2026-02-18 03:55:34 | [32mINFO    [0m | [90mnfa_pipeline.utils.http_client[0m | GET https://www.imdb.com/title/tt10701074/keywords
2026-02-18 03:55:37 | [32mINFO    [0m | [90mnfa_pipeline.utils.http_client[0m | GET https://www.imdb.com/title/tt10701074/fullcredits
2026-02-18 03:55:44 | [32mINFO    [0m | [90mnfa_pipeline.utils.http_client[0m | GET https://www.imdb.com/find/?q=Fouja+%28Song%3A+%22Salaami%22%29+2022&s=tt&ttype=ft&ref_=fn_ft
2026-02-18 03:55:49 | [32mINFO    [0m | [90mnfa_pipeline.utils.http_client[0m | GET https://www.imdb.com/find/?q=Thiruchitrambalam+%28Song%3A+%22Megham+Karukkatha%22%29+2022&s=tt&ttype=ft&ref_=fn_ft
2026-02-18 03:55:52 | [32mINFO    [0m | [90mnfa_pipeline.utils.http_client[0m | GET https://www.imdb.com/find/?q=KGF%3A+Chapter+2+2022&s=tt&ttype=ft&ref_=fn_ft
2026-02-18 03:55:55 | [32mINFO    [0m | [90mnfa_pipeline.utils.http_client[0m | GET https://www.imdb.com/title/tt10698680/
2026-02-18 03:55:58 | [32mINFO    [0m | [90mnfa_pipeline.utils.http_client[0m | GET https://www.imdb.com/title/tt10698680/keywords
2026-02-18 03:55:59 | [32mINFO    [0m | [90mnfa_pipeline.utils.http_client[0m | GET https://www.imdb.com/title/tt10698680/fullcredits
2026-02-18 03:56:06 | [32mINFO    [0m | [90mnfa_pipeline.utils.http_client[0m | GET https://www.imdb.com/find/?q=Aankhi+Ek+Mohenjo+Daro+2022&s=tt&ttype=ft&ref_=fn_ft
2026-02-18 03:56:09 | [32mINFO    [0m | [90mnfa_pipeline.utils.http_client[0m | GET https://www.imdb.com/title/tt33131399/
2026-02-18 03:56:11 | [32mINFO    [0m | [90mnfa_pipeline.utils.http_client[0m | GET https://www.imdb.com/title/tt33131399/keywords
2026-02-18 03:56:14 | [32mINFO    [0m | [90mnfa_pipeline.utils.http_client[0m | GET https://www.imdb.com/title/tt33131399/fullcredits
2026-02-18 03:56:19 | [32mINFO    [0m | [90mnfa_pipeline.utils.http_client[0m | GET https://www.imdb.com/find/?q=On+the+Brink+%E2%80%93+Season+2+%E2%80%93+Gharial+2022&s=tt&ttype=ft&ref_=fn_ft
2026-02-18 03:56:23 | [32mINFO    [0m | [90mnfa_pipeline.utils.http_client[0m | GET https://www.imdb.com/find/?q=Birubala%3A+Witch+to+Padmashri+2022&s=tt&ttype=ft&ref_=fn_ft
2026-02-18 03:56:26 | [32mINFO    [0m | [90mnfa_pipeline.utils.http_client[0m | GET https://www.imdb.com/find/?q=Feature+Films+2022&s=tt&ttype=ft&ref_=fn_ft
2026-02-18 03:56:29 | [32mINFO    [0m | [90mnfa_pipeline.utils.http_client[0m | GET https://www.imdb.com/title/tt17003764/
2026-02-18 03:56:32 | [32mINFO    [0m | [90mnfa_pipeline.utils.http_client[0m | GET https://www.imdb.com/title/tt17003764/keywords
2026-02-18 03:56:34 | [32mINFO    [0m | [90mnfa_pipeline.utils.http_client[0m | GET https://www.imdb.com/title/tt17003764/fullcredits
2026-02-18 03:56:38 | [32mINFO    [0m | [90mnfa_pipeline.utils.http_client[0m | GET https://www.imdb.com/find/?q=Golden+Lotus+Awards+2022&s=tt&ttype=ft&ref_=fn_ft
2026-02-18 03:56:42 | [32mINFO    [0m | [90mnfa_pipeline.utils.http_client[0m | GET https://www.imdb.com/find/?q=Silver+Lotus+Awards+2022&s=tt&ttype=ft&ref_=fn_ft
2026-02-18 03:56:46 | [32mINFO    [0m | [90mnfa_pipeline.utils.http_client[0m | GET https://www.imdb.com/find/?q=Silver+Lotus+Awards+%28Regional%29+2022&s=tt&ttype=ft&ref_=fn_ft
2026-02-18 03:56:50 | [32mINFO    [0m | [90mnfa_pipeline.utils.http_client[0m | GET https://www.imdb.com/find/?q=Discontinued+Awards+2022&s=tt&ttype=ft&ref_=fn_ft
2026-02-18 03:56:54 | [32mINFO    [0m | [90mnfa_pipeline.utils.http_client[0m | GET https://www.imdb.com/find/?q=Non-Feature+Films+2022&s=tt&ttype=ft&ref_=fn_ft
2026-02-18 03:57:01 | [32mINFO    [0m | [90mnfa_pipeline.utils.http_client[0m | GET https://www.imdb.com/find/?q=Writing+on+Cinema+2022&s=tt&ttype=ft&ref_=fn_ft
2026-02-18 03:57:06 | [32mINFO    [0m | [90mnfa_pipeline.utils.http_client[0m | GET https://www.imdb.com/find/?q=Special+Awards+2022&s=tt&ttype=ft&ref_=fn_ft
2026-02-18 03:57:09 | [32mINFO    [0m | [90mnfa_pipeline.utils.http_client[0m | GET https://www.imdb.com/find/?q=Awards+by+year+2022&s=tt&ttype=ft&ref_=fn_ft
2026-02-18 03:57:14 | [32mINFO    [0m | [90mnfa_pipeline.utils.http_client[0m | GET https://www.imdb.com/find/?q=1953%E2%80%931960+2022&s=tt&ttype=ft&ref_=fn_ft
2026-02-18 03:57:18 | [32mINFO    [0m | [90mnfa_pipeline.utils.http_client[0m | GET https://www.imdb.com/find/?q=1961%E2%80%931980+2022&s=tt&ttype=ft&ref_=fn_ft
2026-02-18 03:57:23 | [32mINFO    [0m | [90mnfa_pipeline.utils.http_client[0m | GET https://www.imdb.com/find/?q=1981%E2%80%932000+2022&s=tt&ttype=ft&ref_=fn_ft
2026-02-18 03:57:26 | [32mINFO    [0m | [90mnfa_pipeline.utils.http_client[0m | GET https://www.imdb.com/title/tt15119154/
2026-02-18 03:57:29 | [32mINFO    [0m | [90mnfa_pipeline.utils.http_client[0m | GET https://www.imdb.com/title/tt15119154/keywords
2026-02-18 03:57:33 | [32mINFO    [0m | [90mnfa_pipeline.utils.http_client[0m | GET https://www.imdb.com/title/tt15119154/fullcredits
2026-02-18 03:57:35 | [32mINFO    [0m | [90mnfa_pipeline.utils.http_client[0m | GET https://www.imdb.com/find/?q=2001%E2%80%932020+2022&s=tt&ttype=ft&ref_=fn_ft
2026-02-18 03:57:37 | [32mINFO    [0m | [90mnfa_pipeline.utils.http_client[0m | GET https://www.imdb.com/title/tt0294251/
2026-02-18 03:57:40 | [32mINFO    [0m | [90mnfa_pipeline.utils.http_client[0m | GET https://www.imdb.com/title/tt0294251/keywords
2026-02-18 03:57:42 | [32mINFO    [0m | [90mnfa_pipeline.utils.http_client[0m | GET https://www.imdb.com/title/tt0294251/fullcredits
2026-02-18 03:57:47 | [32mINFO    [0m | [90mnfa_pipeline.utils.http_client[0m | GET https://www.imdb.com/find/?q=2021%E2%80%93present+2022&s=tt&ttype=ft&ref_=fn_ft
2026-02-18 03:57:51 | [32mINFO    [0m | [90mnfa_pipeline.utils.http_client[0m | GET https://www.imdb.com/title/tt15385940/
2026-02-18 03:57:53 | [32mINFO    [0m | [90mnfa_pipeline.utils.http_client[0m | GET https://www.imdb.com/title/tt15385940/keywords
2026-02-18 03:57:56 | [32mINFO    [0m | [90mnfa_pipeline.utils.http_client[0m | GET https://www.imdb.com/title/tt15385940/fullcredits
2026-02-18 03:57:59 | [32mINFO    [0m | [90mnfa_pipeline.utils.http_client[0m | GET https://www.imdb.com/find/?q=Feature+Film+Promoting+National%2C+Social+and+Environmental+Values+Film+in+AVGC+%28VFX+Supervisor%29+Actor+in+a+Leading+Role+Actress++in+a+Leading+Role+Actor+in+a+Supporting+Role+Actress+in+a+Supporting+Role+Child+Artist+Music+Direction+Male+Playback+Singer+Female+Playback+Singer+Lyrics+Production+Design+Sound+Design+Choreography+Cinematography+Costume+Design+Editing+Make-up+Screenplay+Stunt+Choreography+Special+Mention+2022&s=tt&ttype=ft&ref_=fn_ft
2026-02-18 03:58:05 | [32mINFO    [0m | [90mnfa_pipeline.utils.http_client[0m | GET https://www.imdb.com/find/?q=Languages+specified+in+the+Eighth+schedule+of+the+Constitution+of+India+%3A+Assamese+Bengali+Bodo+Dogri+Gujarati+Hindi+Kannada+Kashmiri+Konkani+Malayalam+Manipuri+Marathi+Maithili+Odia+Punjabi+Sanskrit+Tamil+Telugu+Urdu+Languages+other+than+those+specified+in+the+Eighth+schedule+of+the+Constitution+%3A+Bhojpuri+Garo+Haryanvi+Jasari+Khasi+Kodava+Kokborok+Ladakhi+Mishing+Mizo+Monpa+Pangchenpa+Rabha+Sherdukpen+Tiwa+Tulu+Wancho+2022&s=tt&ttype=ft&ref_=fn_ft
2026-02-18 03:58:09 | [32mINFO    [0m | [90mnfa_pipeline.utils.http_client[0m | GET https://www.imdb.com/find/?q=Second+Best+Feature+Film+Third+Best+Feature+Film+Story+Film+Based+on+High+Literary+Work+Film+on+Environment+Conservation%2FPreservation+Film+on+Family+Welfare+Film+on+National+Integration+Film+on+Other+Social+Issues+Special+Jury+Award+Animated+Film+Special+Effects+2022&s=tt&ttype=ft&ref_=fn_ft
2026-02-18 03:58:14 | [32mINFO    [0m | [90mnfa_pipeline.utils.http_client[0m | GET https://www.imdb.com/find/?q=Non+Feature+Film+Promoting+National%2C+Social+and+Environmental+Values+Documentary+Arts%2FCultural+Film+Biographical%2FHistorical+Reconstruction%2FCompilation+Film+Animation+Film+Short+Film+Script+Sound+Design+Cinematography+Editing+Music+Direction+Narration+%2F+Voice+Over+Special+Mention+2022&s=tt&ttype=ft&ref_=fn_ft
2026-02-18 03:58:18 | [32mINFO    [0m | [90mnfa_pipeline.utils.http_client[0m | GET https://www.imdb.com/find/?q=Experimental+Film+Industrial+Film+Agriculture+Film+Anthropological%2FEthnographic+Film+Biographical+Film+Educational%2FMotivational%2FInstructional+Film+Environment%2FConservation%2FPreservation+Film+Exploration%2FAdventure+Film+Film+on+Family+Welfare+Historical+Reconstruction%2FCompilation+Film+Investigative+Film+Promotional+Film+Scientific+Film+Film+on+Social+Issues+Filmstrip+News+Review+Newsreel+Cameraman+Special+Jury+Award+2022&s=tt&ttype=ft&ref_=fn_ft
2026-02-18 03:58:22 | [32mINFO    [0m | [90mnfa_pipeline.utils.http_client[0m | GET https://www.imdb.com/find/?q=Special+Mention+%28Book+on+Cinema%29+Special+Mention+%28Film+Critic%29+2022&s=tt&ttype=ft&ref_=fn_ft
2026-02-18 03:58:24 | [32mINFO    [0m | [90mnfa_pipeline.extractors.imdb_extractor[0m | [IMDb] Enriched 21 / 48 missing records
2026-02-18 03:58:24 | [32mINFO    [0m | [90mnfa_pipeline.extractors.multi_source_extractor[0m | film_year=2022: DONE — 101 records, 74 with IMDb ID, 44 with rating
2026-02-18 03:58:24 | [32mINFO    [0m | [90mnfa_pipeline.validators.record_validator[0m | ValidationReport: 101 records | 101 valid (100.0%) | 0 invalid | 0 warnings
2026-02-18 03:58:24 | [32mINFO    [0m | [90mnfa_pipeline.utils.logging_setup[0m | [██████████████████████████████] Scraping years 100% (1/1) — year 2022 OK (101 records)
2026-02-18 03:58:24 | [32mINFO    [0m | [90mnfa_pipeline.utils.logging_setup[0m | ✓ Scraping years complete (1 items)
2026-02-18 03:58:24 | [32mINFO    [0m | [90mnfa_pipeline.pipeline    [0m | Running batch validation on 101 total records …
2026-02-18 03:58:24 | [32mINFO    [0m | [90mnfa_pipeline.validators.record_validator[0m | ValidationReport: 101 records | 101 valid (100.0%) | 0 invalid | 0 warnings
2026-02-18 03:58:24 | [32mINFO    [0m | [90mnfa_pipeline.pipeline    [0m | Per-run output folder: data\processed\run_20260218_085824_c07f5356
2026-02-18 03:58:24 | [32mINFO    [0m | [90mnfa_pipeline.storage.sqlite_storage[0m | Connected to SQLite: data\processed\nfa_awards.db
2026-02-18 03:58:24 | [32mINFO    [0m | [90mnfa_pipeline.storage.sqlite_storage[0m | Upserted 101 records into SQLite
2026-02-18 03:58:24 | [32mINFO    [0m | [90mnfa_pipeline.storage.excel_exporter[0m | Excel exported: data\processed\nfa_awards.xlsx (101 rows)
2026-02-18 03:58:24 | [32mINFO    [0m | [90mnfa_pipeline.storage.excel_exporter[0m | Excel exported: data\processed\run_20260218_085824_c07f5356\nfa_awards.xlsx (101 rows)
2026-02-18 03:58:24 | [32mINFO    [0m | [90mnfa_pipeline.storage.csv_exporter[0m | CSV exported: data\processed\nfa_awards.csv (101 rows)
2026-02-18 03:58:24 | [32mINFO    [0m | [90mnfa_pipeline.storage.csv_exporter[0m | CSV exported: data\processed\run_20260218_085824_c07f5356\nfa_awards.csv (101 rows)
2026-02-18 03:58:24 | [32mINFO    [0m | [90mnfa_pipeline.storage.json_exporter[0m | JSON exported: data\processed\nfa_awards.json (101 records)
2026-02-18 03:58:24 | [32mINFO    [0m | [90mnfa_pipeline.storage.json_exporter[0m | JSON exported: data\processed\run_20260218_085824_c07f5356\nfa_awards.json (101 records)
2026-02-18 03:58:24 | [32mINFO    [0m | [90mnfa_pipeline.pipeline    [0m | 
2026-02-18 03:58:24 | [32mINFO    [0m | [90mnfa_pipeline.pipeline    [0m | ━━━━━━━━━━━━━━━━━━━━━━━━━━━━━━━━━━━━━━━━━━━━━━━━━━━━━━━━━━━━
2026-02-18 03:58:24 | [32mINFO    [0m | [90mnfa_pipeline.pipeline    [0m | PIPELINE COMPLETE
2026-02-18 03:58:24 | [32mINFO    [0m | [90mnfa_pipeline.pipeline    [0m |   Run ID       : c07f5356-b79e-42a4-83a5-56197aaa06cf
2026-02-18 03:58:24 | [32mINFO    [0m | [90mnfa_pipeline.pipeline    [0m |   Duration     : 566.5s
2026-02-18 03:58:24 | [32mINFO    [0m | [90mnfa_pipeline.pipeline    [0m |   Years OK     : 1 / 1
2026-02-18 03:58:24 | [32mINFO    [0m | [90mnfa_pipeline.pipeline    [0m |   Years Failed : 0
2026-02-18 03:58:24 | [32mINFO    [0m | [90mnfa_pipeline.pipeline    [0m |   Total Records: 101
2026-02-18 03:58:24 | [32mINFO    [0m | [90mnfa_pipeline.pipeline    [0m |   Valid        : 101 (100.0%)
2026-02-18 03:58:24 | [32mINFO    [0m | [90mnfa_pipeline.pipeline    [0m |   Invalid      : 0
2026-02-18 03:58:24 | [32mINFO    [0m | [90mnfa_pipeline.pipeline    [0m |   Warnings     : 0
2026-02-18 03:58:24 | [32mINFO    [0m | [90mnfa_pipeline.pipeline    [0m |   Status       : COMPLETED
2026-02-18 03:58:24 | [32mINFO    [0m | [90mnfa_pipeline.pipeline    [0m | ━━━━━━━━━━━━━━━━━━━━━━━━━━━━━━━━━━━━━━━━━━━━━━━━━━━━━━━━━━━━
